                                 Started job on |	Aug 20 05:34:33
                             Started mapping on |	Aug 20 05:35:06
                                    Finished on |	Aug 20 05:41:16
       Mapping speed, Million of reads per hour |	258.44

                          Number of input reads |	26562332
                      Average input read length |	150
                                    UNIQUE READS:
                   Uniquely mapped reads number |	19773319
                        Uniquely mapped reads % |	74.44%
                          Average mapped length |	148.24
                       Number of splices: Total |	4172133
            Number of splices: Annotated (sjdb) |	0
                       Number of splices: GT/AG |	4120054
                       Number of splices: GC/AG |	30086
                       Number of splices: AT/AC |	2069
               Number of splices: Non-canonical |	19924
                      Mismatch rate per base, % |	0.68%
                         Deletion rate per base |	0.02%
                        Deletion average length |	1.98
                        Insertion rate per base |	0.02%
                       Insertion average length |	2.03
                             MULTI-MAPPING READS:
        Number of reads mapped to multiple loci |	1250569
             % of reads mapped to multiple loci |	4.71%
        Number of reads mapped to too many loci |	24829
             % of reads mapped to too many loci |	0.09%
                                  UNMAPPED READS:
  Number of reads unmapped: too many mismatches |	0
       % of reads unmapped: too many mismatches |	0.00%
            Number of reads unmapped: too short |	5488300
                 % of reads unmapped: too short |	20.66%
                Number of reads unmapped: other |	25315
                     % of reads unmapped: other |	0.10%
                                  CHIMERIC READS:
                       Number of chimeric reads |	0
                            % of chimeric reads |	0.00%
