                                 Started job on |	Aug 20 05:02:59
                             Started mapping on |	Aug 20 05:03:32
                                    Finished on |	Aug 20 05:09:00
       Mapping speed, Million of reads per hour |	357.60

                          Number of input reads |	32581426
                      Average input read length |	150
                                    UNIQUE READS:
                   Uniquely mapped reads number |	29017750
                        Uniquely mapped reads % |	89.06%
                          Average mapped length |	148.65
                       Number of splices: Total |	4117827
            Number of splices: Annotated (sjdb) |	0
                       Number of splices: GT/AG |	4056536
                       Number of splices: GC/AG |	29167
                       Number of splices: AT/AC |	2189
               Number of splices: Non-canonical |	29935
                      Mismatch rate per base, % |	0.67%
                         Deletion rate per base |	0.03%
                        Deletion average length |	1.99
                        Insertion rate per base |	0.03%
                       Insertion average length |	2.06
                             MULTI-MAPPING READS:
        Number of reads mapped to multiple loci |	1255339
             % of reads mapped to multiple loci |	3.85%
        Number of reads mapped to too many loci |	34276
             % of reads mapped to too many loci |	0.11%
                                  UNMAPPED READS:
  Number of reads unmapped: too many mismatches |	0
       % of reads unmapped: too many mismatches |	0.00%
            Number of reads unmapped: too short |	2236364
                 % of reads unmapped: too short |	6.86%
                Number of reads unmapped: other |	37697
                     % of reads unmapped: other |	0.12%
                                  CHIMERIC READS:
                       Number of chimeric reads |	0
                            % of chimeric reads |	0.00%
