                                 Started job on |	Aug 20 06:05:55
                             Started mapping on |	Aug 20 06:06:30
                                    Finished on |	Aug 20 06:10:42
       Mapping speed, Million of reads per hour |	363.88

                          Number of input reads |	25471942
                      Average input read length |	150
                                    UNIQUE READS:
                   Uniquely mapped reads number |	23001660
                        Uniquely mapped reads % |	90.30%
                          Average mapped length |	148.64
                       Number of splices: Total |	3408991
            Number of splices: Annotated (sjdb) |	0
                       Number of splices: GT/AG |	3361994
                       Number of splices: GC/AG |	22564
                       Number of splices: AT/AC |	2058
               Number of splices: Non-canonical |	22375
                      Mismatch rate per base, % |	0.71%
                         Deletion rate per base |	0.03%
                        Deletion average length |	2.01
                        Insertion rate per base |	0.03%
                       Insertion average length |	2.08
                             MULTI-MAPPING READS:
        Number of reads mapped to multiple loci |	1133250
             % of reads mapped to multiple loci |	4.45%
        Number of reads mapped to too many loci |	18757
             % of reads mapped to too many loci |	0.07%
                                  UNMAPPED READS:
  Number of reads unmapped: too many mismatches |	0
       % of reads unmapped: too many mismatches |	0.00%
            Number of reads unmapped: too short |	1288862
                 % of reads unmapped: too short |	5.06%
                Number of reads unmapped: other |	29413
                     % of reads unmapped: other |	0.12%
                                  CHIMERIC READS:
                       Number of chimeric reads |	0
                            % of chimeric reads |	0.00%
