                                 Started job on |	Aug 20 19:49:27
                             Started mapping on |	Aug 20 19:50:15
                                    Finished on |	Aug 20 19:54:38
       Mapping speed, Million of reads per hour |	343.40

                          Number of input reads |	25087091
                      Average input read length |	150
                                    UNIQUE READS:
                   Uniquely mapped reads number |	22741216
                        Uniquely mapped reads % |	90.65%
                          Average mapped length |	148.60
                       Number of splices: Total |	3216000
            Number of splices: Annotated (sjdb) |	0
                       Number of splices: GT/AG |	3167196
                       Number of splices: GC/AG |	21922
                       Number of splices: AT/AC |	1626
               Number of splices: Non-canonical |	25256
                      Mismatch rate per base, % |	0.71%
                         Deletion rate per base |	0.03%
                        Deletion average length |	2.00
                        Insertion rate per base |	0.03%
                       Insertion average length |	2.09
                             MULTI-MAPPING READS:
        Number of reads mapped to multiple loci |	902681
             % of reads mapped to multiple loci |	3.60%
        Number of reads mapped to too many loci |	21455
             % of reads mapped to too many loci |	0.09%
                                  UNMAPPED READS:
  Number of reads unmapped: too many mismatches |	0
       % of reads unmapped: too many mismatches |	0.00%
            Number of reads unmapped: too short |	1390804
                 % of reads unmapped: too short |	5.54%
                Number of reads unmapped: other |	30935
                     % of reads unmapped: other |	0.12%
                                  CHIMERIC READS:
                       Number of chimeric reads |	0
                            % of chimeric reads |	0.00%
