                                 Started job on |	Aug 20 19:44:06
                             Started mapping on |	Aug 20 19:44:34
                                    Finished on |	Aug 20 19:48:57
       Mapping speed, Million of reads per hour |	337.13

                          Number of input reads |	24629076
                      Average input read length |	150
                                    UNIQUE READS:
                   Uniquely mapped reads number |	22239603
                        Uniquely mapped reads % |	90.30%
                          Average mapped length |	148.57
                       Number of splices: Total |	3366801
            Number of splices: Annotated (sjdb) |	0
                       Number of splices: GT/AG |	3318138
                       Number of splices: GC/AG |	22524
                       Number of splices: AT/AC |	1569
               Number of splices: Non-canonical |	24570
                      Mismatch rate per base, % |	0.71%
                         Deletion rate per base |	0.03%
                        Deletion average length |	1.99
                        Insertion rate per base |	0.03%
                       Insertion average length |	2.07
                             MULTI-MAPPING READS:
        Number of reads mapped to multiple loci |	1088149
             % of reads mapped to multiple loci |	4.42%
        Number of reads mapped to too many loci |	28832
             % of reads mapped to too many loci |	0.12%
                                  UNMAPPED READS:
  Number of reads unmapped: too many mismatches |	0
       % of reads unmapped: too many mismatches |	0.00%
            Number of reads unmapped: too short |	1247806
                 % of reads unmapped: too short |	5.07%
                Number of reads unmapped: other |	24686
                     % of reads unmapped: other |	0.10%
                                  CHIMERIC READS:
                       Number of chimeric reads |	0
                            % of chimeric reads |	0.00%
