                                 Started job on |	Aug 20 19:11:51
                             Started mapping on |	Aug 20 19:12:20
                                    Finished on |	Aug 20 19:17:36
       Mapping speed, Million of reads per hour |	351.87

                          Number of input reads |	30886600
                      Average input read length |	150
                                    UNIQUE READS:
                   Uniquely mapped reads number |	27694920
                        Uniquely mapped reads % |	89.67%
                          Average mapped length |	148.58
                       Number of splices: Total |	3947322
            Number of splices: Annotated (sjdb) |	0
                       Number of splices: GT/AG |	3889391
                       Number of splices: GC/AG |	27119
                       Number of splices: AT/AC |	2078
               Number of splices: Non-canonical |	28734
                      Mismatch rate per base, % |	0.72%
                         Deletion rate per base |	0.03%
                        Deletion average length |	1.98
                        Insertion rate per base |	0.03%
                       Insertion average length |	2.08
                             MULTI-MAPPING READS:
        Number of reads mapped to multiple loci |	1529972
             % of reads mapped to multiple loci |	4.95%
        Number of reads mapped to too many loci |	27071
             % of reads mapped to too many loci |	0.09%
                                  UNMAPPED READS:
  Number of reads unmapped: too many mismatches |	0
       % of reads unmapped: too many mismatches |	0.00%
            Number of reads unmapped: too short |	1594166
                 % of reads unmapped: too short |	5.16%
                Number of reads unmapped: other |	40471
                     % of reads unmapped: other |	0.13%
                                  CHIMERIC READS:
                       Number of chimeric reads |	0
                            % of chimeric reads |	0.00%
