                                 Started job on |	Aug 20 00:44:40
                             Started mapping on |	Aug 20 00:45:09
                                    Finished on |	Aug 20 00:51:09
       Mapping speed, Million of reads per hour |	252.67

                          Number of input reads |	25266815
                      Average input read length |	150
                                    UNIQUE READS:
                   Uniquely mapped reads number |	19602624
                        Uniquely mapped reads % |	77.58%
                          Average mapped length |	148.43
                       Number of splices: Total |	3254056
            Number of splices: Annotated (sjdb) |	0
                       Number of splices: GT/AG |	3212889
                       Number of splices: GC/AG |	20928
                       Number of splices: AT/AC |	1613
               Number of splices: Non-canonical |	18626
                      Mismatch rate per base, % |	0.66%
                         Deletion rate per base |	0.02%
                        Deletion average length |	2.01
                        Insertion rate per base |	0.03%
                       Insertion average length |	2.05
                             MULTI-MAPPING READS:
        Number of reads mapped to multiple loci |	1050755
             % of reads mapped to multiple loci |	4.16%
        Number of reads mapped to too many loci |	19008
             % of reads mapped to too many loci |	0.08%
                                  UNMAPPED READS:
  Number of reads unmapped: too many mismatches |	0
       % of reads unmapped: too many mismatches |	0.00%
            Number of reads unmapped: too short |	4572077
                 % of reads unmapped: too short |	18.10%
                Number of reads unmapped: other |	22351
                     % of reads unmapped: other |	0.09%
                                  CHIMERIC READS:
                       Number of chimeric reads |	0
                            % of chimeric reads |	0.00%
