                                 Started job on |	Aug 18 02:00:09
                             Started mapping on |	Aug 18 02:00:43
                                    Finished on |	Aug 18 02:05:57
       Mapping speed, Million of reads per hour |	337.84

                          Number of input reads |	29467006
                      Average input read length |	150
                                    UNIQUE READS:
                   Uniquely mapped reads number |	25563780
                        Uniquely mapped reads % |	86.75%
                          Average mapped length |	148.46
                       Number of splices: Total |	4378015
            Number of splices: Annotated (sjdb) |	0
                       Number of splices: GT/AG |	4319435
                       Number of splices: GC/AG |	29063
                       Number of splices: AT/AC |	2389
               Number of splices: Non-canonical |	27128
                      Mismatch rate per base, % |	0.68%
                         Deletion rate per base |	0.02%
                        Deletion average length |	2.04
                        Insertion rate per base |	0.02%
                       Insertion average length |	2.03
                             MULTI-MAPPING READS:
        Number of reads mapped to multiple loci |	1375359
             % of reads mapped to multiple loci |	4.67%
        Number of reads mapped to too many loci |	18432
             % of reads mapped to too many loci |	0.06%
                                  UNMAPPED READS:
  Number of reads unmapped: too many mismatches |	0
       % of reads unmapped: too many mismatches |	0.00%
            Number of reads unmapped: too short |	2479548
                 % of reads unmapped: too short |	8.41%
                Number of reads unmapped: other |	29887
                     % of reads unmapped: other |	0.10%
                                  CHIMERIC READS:
                       Number of chimeric reads |	0
                            % of chimeric reads |	0.00%
