                                 Started job on |	Aug 20 20:00:06
                             Started mapping on |	Aug 20 20:00:40
                                    Finished on |	Aug 20 20:05:29
       Mapping speed, Million of reads per hour |	322.00

                          Number of input reads |	25849451
                      Average input read length |	150
                                    UNIQUE READS:
                   Uniquely mapped reads number |	22661186
                        Uniquely mapped reads % |	87.67%
                          Average mapped length |	148.38
                       Number of splices: Total |	3551552
            Number of splices: Annotated (sjdb) |	0
                       Number of splices: GT/AG |	3498975
                       Number of splices: GC/AG |	24490
                       Number of splices: AT/AC |	1797
               Number of splices: Non-canonical |	26290
                      Mismatch rate per base, % |	0.73%
                         Deletion rate per base |	0.02%
                        Deletion average length |	1.94
                        Insertion rate per base |	0.03%
                       Insertion average length |	2.03
                             MULTI-MAPPING READS:
        Number of reads mapped to multiple loci |	1453125
             % of reads mapped to multiple loci |	5.62%
        Number of reads mapped to too many loci |	29720
             % of reads mapped to too many loci |	0.11%
                                  UNMAPPED READS:
  Number of reads unmapped: too many mismatches |	0
       % of reads unmapped: too many mismatches |	0.00%
            Number of reads unmapped: too short |	1684104
                 % of reads unmapped: too short |	6.52%
                Number of reads unmapped: other |	21316
                     % of reads unmapped: other |	0.08%
                                  CHIMERIC READS:
                       Number of chimeric reads |	0
                            % of chimeric reads |	0.00%
