                                 Started job on |	Aug 20 06:21:40
                             Started mapping on |	Aug 20 06:22:10
                                    Finished on |	Aug 20 06:26:56
       Mapping speed, Million of reads per hour |	346.85

                          Number of input reads |	27555132
                      Average input read length |	150
                                    UNIQUE READS:
                   Uniquely mapped reads number |	24428853
                        Uniquely mapped reads % |	88.65%
                          Average mapped length |	148.59
                       Number of splices: Total |	3634844
            Number of splices: Annotated (sjdb) |	0
                       Number of splices: GT/AG |	3583191
                       Number of splices: GC/AG |	23884
                       Number of splices: AT/AC |	1811
               Number of splices: Non-canonical |	25958
                      Mismatch rate per base, % |	0.71%
                         Deletion rate per base |	0.02%
                        Deletion average length |	1.98
                        Insertion rate per base |	0.03%
                       Insertion average length |	2.07
                             MULTI-MAPPING READS:
        Number of reads mapped to multiple loci |	1646998
             % of reads mapped to multiple loci |	5.98%
        Number of reads mapped to too many loci |	29292
             % of reads mapped to too many loci |	0.11%
                                  UNMAPPED READS:
  Number of reads unmapped: too many mismatches |	0
       % of reads unmapped: too many mismatches |	0.00%
            Number of reads unmapped: too short |	1423525
                 % of reads unmapped: too short |	5.17%
                Number of reads unmapped: other |	26464
                     % of reads unmapped: other |	0.10%
                                  CHIMERIC READS:
                       Number of chimeric reads |	0
                            % of chimeric reads |	0.00%
