                                 Started job on |	Aug 20 02:24:42
                             Started mapping on |	Aug 20 02:25:12
                                    Finished on |	Aug 20 02:31:29
       Mapping speed, Million of reads per hour |	333.28

                          Number of input reads |	34901726
                      Average input read length |	150
                                    UNIQUE READS:
                   Uniquely mapped reads number |	30931635
                        Uniquely mapped reads % |	88.62%
                          Average mapped length |	148.50
                       Number of splices: Total |	4299658
            Number of splices: Annotated (sjdb) |	0
                       Number of splices: GT/AG |	4232061
                       Number of splices: GC/AG |	31281
                       Number of splices: AT/AC |	2196
               Number of splices: Non-canonical |	34120
                      Mismatch rate per base, % |	0.70%
                         Deletion rate per base |	0.03%
                        Deletion average length |	2.03
                        Insertion rate per base |	0.03%
                       Insertion average length |	2.07
                             MULTI-MAPPING READS:
        Number of reads mapped to multiple loci |	1231583
             % of reads mapped to multiple loci |	3.53%
        Number of reads mapped to too many loci |	24700
             % of reads mapped to too many loci |	0.07%
                                  UNMAPPED READS:
  Number of reads unmapped: too many mismatches |	0
       % of reads unmapped: too many mismatches |	0.00%
            Number of reads unmapped: too short |	2677762
                 % of reads unmapped: too short |	7.67%
                Number of reads unmapped: other |	36046
                     % of reads unmapped: other |	0.10%
                                  CHIMERIC READS:
                       Number of chimeric reads |	0
                            % of chimeric reads |	0.00%
