                                 Started job on |	Aug 20 06:16:26
                             Started mapping on |	Aug 20 06:17:28
                                    Finished on |	Aug 20 06:21:19
       Mapping speed, Million of reads per hour |	371.85

                          Number of input reads |	23860558
                      Average input read length |	150
                                    UNIQUE READS:
                   Uniquely mapped reads number |	21623331
                        Uniquely mapped reads % |	90.62%
                          Average mapped length |	148.69
                       Number of splices: Total |	3094741
            Number of splices: Annotated (sjdb) |	0
                       Number of splices: GT/AG |	3050485
                       Number of splices: GC/AG |	20243
                       Number of splices: AT/AC |	2031
               Number of splices: Non-canonical |	21982
                      Mismatch rate per base, % |	0.69%
                         Deletion rate per base |	0.03%
                        Deletion average length |	2.02
                        Insertion rate per base |	0.03%
                       Insertion average length |	2.07
                             MULTI-MAPPING READS:
        Number of reads mapped to multiple loci |	1066239
             % of reads mapped to multiple loci |	4.47%
        Number of reads mapped to too many loci |	16992
             % of reads mapped to too many loci |	0.07%
                                  UNMAPPED READS:
  Number of reads unmapped: too many mismatches |	0
       % of reads unmapped: too many mismatches |	0.00%
            Number of reads unmapped: too short |	1125003
                 % of reads unmapped: too short |	4.71%
                Number of reads unmapped: other |	28993
                     % of reads unmapped: other |	0.12%
                                  CHIMERIC READS:
                       Number of chimeric reads |	0
                            % of chimeric reads |	0.00%
