                                 Started job on |	Aug 21 03:15:23
                             Started mapping on |	Aug 21 03:15:56
                                    Finished on |	Aug 21 03:20:55
       Mapping speed, Million of reads per hour |	273.04

                          Number of input reads |	22677367
                      Average input read length |	150
                                    UNIQUE READS:
                   Uniquely mapped reads number |	18743987
                        Uniquely mapped reads % |	82.66%
                          Average mapped length |	147.96
                       Number of splices: Total |	2185688
            Number of splices: Annotated (sjdb) |	0
                       Number of splices: GT/AG |	2143840
                       Number of splices: GC/AG |	17832
                       Number of splices: AT/AC |	1397
               Number of splices: Non-canonical |	22619
                      Mismatch rate per base, % |	1.05%
                         Deletion rate per base |	0.03%
                        Deletion average length |	1.92
                        Insertion rate per base |	0.03%
                       Insertion average length |	2.01
                             MULTI-MAPPING READS:
        Number of reads mapped to multiple loci |	1005783
             % of reads mapped to multiple loci |	4.44%
        Number of reads mapped to too many loci |	15884
             % of reads mapped to too many loci |	0.07%
                                  UNMAPPED READS:
  Number of reads unmapped: too many mismatches |	0
       % of reads unmapped: too many mismatches |	0.00%
            Number of reads unmapped: too short |	2895365
                 % of reads unmapped: too short |	12.77%
                Number of reads unmapped: other |	16348
                     % of reads unmapped: other |	0.07%
                                  CHIMERIC READS:
                       Number of chimeric reads |	0
                            % of chimeric reads |	0.00%
