                                 Started job on |	Aug 19 23:26:34
                             Started mapping on |	Aug 19 23:27:02
                                    Finished on |	Aug 19 23:32:39
       Mapping speed, Million of reads per hour |	355.29

                          Number of input reads |	33259374
                      Average input read length |	150
                                    UNIQUE READS:
                   Uniquely mapped reads number |	29514308
                        Uniquely mapped reads % |	88.74%
                          Average mapped length |	148.45
                       Number of splices: Total |	5235674
            Number of splices: Annotated (sjdb) |	0
                       Number of splices: GT/AG |	5167047
                       Number of splices: GC/AG |	34876
                       Number of splices: AT/AC |	2888
               Number of splices: Non-canonical |	30863
                      Mismatch rate per base, % |	0.67%
                         Deletion rate per base |	0.02%
                        Deletion average length |	2.00
                        Insertion rate per base |	0.03%
                       Insertion average length |	2.04
                             MULTI-MAPPING READS:
        Number of reads mapped to multiple loci |	1666344
             % of reads mapped to multiple loci |	5.01%
        Number of reads mapped to too many loci |	22270
             % of reads mapped to too many loci |	0.07%
                                  UNMAPPED READS:
  Number of reads unmapped: too many mismatches |	0
       % of reads unmapped: too many mismatches |	0.00%
            Number of reads unmapped: too short |	2026848
                 % of reads unmapped: too short |	6.09%
                Number of reads unmapped: other |	29604
                     % of reads unmapped: other |	0.09%
                                  CHIMERIC READS:
                       Number of chimeric reads |	0
                            % of chimeric reads |	0.00%
