                                 Started job on |	Aug 19 23:26:34
                             Started mapping on |	Aug 19 23:27:13
                                    Finished on |	Aug 19 23:29:18
       Mapping speed, Million of reads per hour |	301.47

                          Number of input reads |	10467868
                      Average input read length |	150
                                    UNIQUE READS:
                   Uniquely mapped reads number |	8926379
                        Uniquely mapped reads % |	85.27%
                          Average mapped length |	148.43
                       Number of splices: Total |	1554454
            Number of splices: Annotated (sjdb) |	0
                       Number of splices: GT/AG |	1534634
                       Number of splices: GC/AG |	10197
                       Number of splices: AT/AC |	861
               Number of splices: Non-canonical |	8762
                      Mismatch rate per base, % |	0.77%
                         Deletion rate per base |	0.02%
                        Deletion average length |	2.00
                        Insertion rate per base |	0.02%
                       Insertion average length |	2.06
                             MULTI-MAPPING READS:
        Number of reads mapped to multiple loci |	524687
             % of reads mapped to multiple loci |	5.01%
        Number of reads mapped to too many loci |	7191
             % of reads mapped to too many loci |	0.07%
                                  UNMAPPED READS:
  Number of reads unmapped: too many mismatches |	0
       % of reads unmapped: too many mismatches |	0.00%
            Number of reads unmapped: too short |	998260
                 % of reads unmapped: too short |	9.54%
                Number of reads unmapped: other |	11351
                     % of reads unmapped: other |	0.11%
                                  CHIMERIC READS:
                       Number of chimeric reads |	0
                            % of chimeric reads |	0.00%
