                                 Started job on |	Aug 20 19:54:46
                             Started mapping on |	Aug 20 19:55:18
                                    Finished on |	Aug 20 19:59:59
       Mapping speed, Million of reads per hour |	334.14

                          Number of input reads |	26081213
                      Average input read length |	150
                                    UNIQUE READS:
                   Uniquely mapped reads number |	23460941
                        Uniquely mapped reads % |	89.95%
                          Average mapped length |	148.56
                       Number of splices: Total |	3411303
            Number of splices: Annotated (sjdb) |	0
                       Number of splices: GT/AG |	3359198
                       Number of splices: GC/AG |	23990
                       Number of splices: AT/AC |	1862
               Number of splices: Non-canonical |	26253
                      Mismatch rate per base, % |	0.71%
                         Deletion rate per base |	0.03%
                        Deletion average length |	1.98
                        Insertion rate per base |	0.03%
                       Insertion average length |	2.07
                             MULTI-MAPPING READS:
        Number of reads mapped to multiple loci |	1154984
             % of reads mapped to multiple loci |	4.43%
        Number of reads mapped to too many loci |	28048
             % of reads mapped to too many loci |	0.11%
                                  UNMAPPED READS:
  Number of reads unmapped: too many mismatches |	0
       % of reads unmapped: too many mismatches |	0.00%
            Number of reads unmapped: too short |	1411801
                 % of reads unmapped: too short |	5.41%
                Number of reads unmapped: other |	25439
                     % of reads unmapped: other |	0.10%
                                  CHIMERIC READS:
                       Number of chimeric reads |	0
                            % of chimeric reads |	0.00%
