                                 Started job on |	Aug 20 19:38:49
                             Started mapping on |	Aug 20 19:39:36
                                    Finished on |	Aug 20 19:43:26
       Mapping speed, Million of reads per hour |	345.07

                          Number of input reads |	22045862
                      Average input read length |	150
                                    UNIQUE READS:
                   Uniquely mapped reads number |	19699812
                        Uniquely mapped reads % |	89.36%
                          Average mapped length |	148.57
                       Number of splices: Total |	2727306
            Number of splices: Annotated (sjdb) |	0
                       Number of splices: GT/AG |	2683701
                       Number of splices: GC/AG |	19345
                       Number of splices: AT/AC |	1445
               Number of splices: Non-canonical |	22815
                      Mismatch rate per base, % |	0.70%
                         Deletion rate per base |	0.03%
                        Deletion average length |	1.94
                        Insertion rate per base |	0.03%
                       Insertion average length |	2.07
                             MULTI-MAPPING READS:
        Number of reads mapped to multiple loci |	1160656
             % of reads mapped to multiple loci |	5.26%
        Number of reads mapped to too many loci |	19654
             % of reads mapped to too many loci |	0.09%
                                  UNMAPPED READS:
  Number of reads unmapped: too many mismatches |	0
       % of reads unmapped: too many mismatches |	0.00%
            Number of reads unmapped: too short |	1142398
                 % of reads unmapped: too short |	5.18%
                Number of reads unmapped: other |	23342
                     % of reads unmapped: other |	0.11%
                                  CHIMERIC READS:
                       Number of chimeric reads |	0
                            % of chimeric reads |	0.00%
