                                 Started job on |	Aug 20 05:34:35
                             Started mapping on |	Aug 20 05:35:05
                                    Finished on |	Aug 20 05:45:17
       Mapping speed, Million of reads per hour |	324.78

                          Number of input reads |	55213112
                      Average input read length |	150
                                    UNIQUE READS:
                   Uniquely mapped reads number |	47676367
                        Uniquely mapped reads % |	86.35%
                          Average mapped length |	148.48
                       Number of splices: Total |	8060417
            Number of splices: Annotated (sjdb) |	0
                       Number of splices: GT/AG |	7946660
                       Number of splices: GC/AG |	59015
                       Number of splices: AT/AC |	3679
               Number of splices: Non-canonical |	51063
                      Mismatch rate per base, % |	0.72%
                         Deletion rate per base |	0.02%
                        Deletion average length |	2.01
                        Insertion rate per base |	0.03%
                       Insertion average length |	2.05
                             MULTI-MAPPING READS:
        Number of reads mapped to multiple loci |	2282269
             % of reads mapped to multiple loci |	4.13%
        Number of reads mapped to too many loci |	38871
             % of reads mapped to too many loci |	0.07%
                                  UNMAPPED READS:
  Number of reads unmapped: too many mismatches |	0
       % of reads unmapped: too many mismatches |	0.00%
            Number of reads unmapped: too short |	5162659
                 % of reads unmapped: too short |	9.35%
                Number of reads unmapped: other |	52946
                     % of reads unmapped: other |	0.10%
                                  CHIMERIC READS:
                       Number of chimeric reads |	0
                            % of chimeric reads |	0.00%
