                                 Started job on |	Aug 19 23:26:33
                             Started mapping on |	Aug 19 23:27:03
                                    Finished on |	Aug 19 23:38:02
       Mapping speed, Million of reads per hour |	184.64

                          Number of input reads |	33800033
                      Average input read length |	150
                                    UNIQUE READS:
                   Uniquely mapped reads number |	10772198
                        Uniquely mapped reads % |	31.87%
                          Average mapped length |	148.03
                       Number of splices: Total |	1841217
            Number of splices: Annotated (sjdb) |	0
                       Number of splices: GT/AG |	1821451
                       Number of splices: GC/AG |	8211
                       Number of splices: AT/AC |	626
               Number of splices: Non-canonical |	10929
                      Mismatch rate per base, % |	0.73%
                         Deletion rate per base |	0.01%
                        Deletion average length |	1.72
                        Insertion rate per base |	0.01%
                       Insertion average length |	2.11
                             MULTI-MAPPING READS:
        Number of reads mapped to multiple loci |	14645941
             % of reads mapped to multiple loci |	43.33%
        Number of reads mapped to too many loci |	7039287
             % of reads mapped to too many loci |	20.83%
                                  UNMAPPED READS:
  Number of reads unmapped: too many mismatches |	0
       % of reads unmapped: too many mismatches |	0.00%
            Number of reads unmapped: too short |	1334237
                 % of reads unmapped: too short |	3.95%
                Number of reads unmapped: other |	8370
                     % of reads unmapped: other |	0.02%
                                  CHIMERIC READS:
                       Number of chimeric reads |	0
                            % of chimeric reads |	0.00%
