                                 Started job on |	Aug 20 04:57:41
                             Started mapping on |	Aug 20 04:58:10
                                    Finished on |	Aug 20 04:59:27
       Mapping speed, Million of reads per hour |	89.79

                          Number of input reads |	1920603
                      Average input read length |	150
                                    UNIQUE READS:
                   Uniquely mapped reads number |	317758
                        Uniquely mapped reads % |	16.54%
                          Average mapped length |	147.89
                       Number of splices: Total |	41432
            Number of splices: Annotated (sjdb) |	0
                       Number of splices: GT/AG |	40584
                       Number of splices: GC/AG |	326
                       Number of splices: AT/AC |	23
               Number of splices: Non-canonical |	499
                      Mismatch rate per base, % |	0.81%
                         Deletion rate per base |	0.03%
                        Deletion average length |	2.01
                        Insertion rate per base |	0.03%
                       Insertion average length |	2.00
                             MULTI-MAPPING READS:
        Number of reads mapped to multiple loci |	18106
             % of reads mapped to multiple loci |	0.94%
        Number of reads mapped to too many loci |	391
             % of reads mapped to too many loci |	0.02%
                                  UNMAPPED READS:
  Number of reads unmapped: too many mismatches |	0
       % of reads unmapped: too many mismatches |	0.00%
            Number of reads unmapped: too short |	1583899
                 % of reads unmapped: too short |	82.47%
                Number of reads unmapped: other |	449
                     % of reads unmapped: other |	0.02%
                                  CHIMERIC READS:
                       Number of chimeric reads |	0
                            % of chimeric reads |	0.00%
