                                 Started job on |	Aug 20 04:51:26
                             Started mapping on |	Aug 20 04:51:59
                                    Finished on |	Aug 20 04:54:39
       Mapping speed, Million of reads per hour |	124.00

                          Number of input reads |	5511285
                      Average input read length |	150
                                    UNIQUE READS:
                   Uniquely mapped reads number |	2361971
                        Uniquely mapped reads % |	42.86%
                          Average mapped length |	148.09
                       Number of splices: Total |	376401
            Number of splices: Annotated (sjdb) |	0
                       Number of splices: GT/AG |	370637
                       Number of splices: GC/AG |	2249
                       Number of splices: AT/AC |	170
               Number of splices: Non-canonical |	3345
                      Mismatch rate per base, % |	0.72%
                         Deletion rate per base |	0.03%
                        Deletion average length |	2.01
                        Insertion rate per base |	0.03%
                       Insertion average length |	2.03
                             MULTI-MAPPING READS:
        Number of reads mapped to multiple loci |	149341
             % of reads mapped to multiple loci |	2.71%
        Number of reads mapped to too many loci |	2718
             % of reads mapped to too many loci |	0.05%
                                  UNMAPPED READS:
  Number of reads unmapped: too many mismatches |	0
       % of reads unmapped: too many mismatches |	0.00%
            Number of reads unmapped: too short |	2994428
                 % of reads unmapped: too short |	54.33%
                Number of reads unmapped: other |	2827
                     % of reads unmapped: other |	0.05%
                                  CHIMERIC READS:
                       Number of chimeric reads |	0
                            % of chimeric reads |	0.00%
