                                 Started job on |	Aug 20 02:09:00
                             Started mapping on |	Aug 20 02:09:32
                                    Finished on |	Aug 20 02:17:11
       Mapping speed, Million of reads per hour |	341.74

                          Number of input reads |	43572167
                      Average input read length |	150
                                    UNIQUE READS:
                   Uniquely mapped reads number |	38556949
                        Uniquely mapped reads % |	88.49%
                          Average mapped length |	148.55
                       Number of splices: Total |	5916313
            Number of splices: Annotated (sjdb) |	0
                       Number of splices: GT/AG |	5835729
                       Number of splices: GC/AG |	39534
                       Number of splices: AT/AC |	3130
               Number of splices: Non-canonical |	37920
                      Mismatch rate per base, % |	0.67%
                         Deletion rate per base |	0.03%
                        Deletion average length |	2.00
                        Insertion rate per base |	0.03%
                       Insertion average length |	2.05
                             MULTI-MAPPING READS:
        Number of reads mapped to multiple loci |	1888401
             % of reads mapped to multiple loci |	4.33%
        Number of reads mapped to too many loci |	30739
             % of reads mapped to too many loci |	0.07%
                                  UNMAPPED READS:
  Number of reads unmapped: too many mismatches |	0
       % of reads unmapped: too many mismatches |	0.00%
            Number of reads unmapped: too short |	3054308
                 % of reads unmapped: too short |	7.01%
                Number of reads unmapped: other |	41770
                     % of reads unmapped: other |	0.10%
                                  CHIMERIC READS:
                       Number of chimeric reads |	0
                            % of chimeric reads |	0.00%
