                                 Started job on |	Aug 20 19:54:48
                             Started mapping on |	Aug 20 19:55:20
                                    Finished on |	Aug 20 20:01:36
       Mapping speed, Million of reads per hour |	316.99

                          Number of input reads |	33108300
                      Average input read length |	150
                                    UNIQUE READS:
                   Uniquely mapped reads number |	28819320
                        Uniquely mapped reads % |	87.05%
                          Average mapped length |	148.33
                       Number of splices: Total |	4334600
            Number of splices: Annotated (sjdb) |	0
                       Number of splices: GT/AG |	4268968
                       Number of splices: GC/AG |	30329
                       Number of splices: AT/AC |	2291
               Number of splices: Non-canonical |	33012
                      Mismatch rate per base, % |	0.80%
                         Deletion rate per base |	0.03%
                        Deletion average length |	1.96
                        Insertion rate per base |	0.03%
                       Insertion average length |	2.04
                             MULTI-MAPPING READS:
        Number of reads mapped to multiple loci |	1454017
             % of reads mapped to multiple loci |	4.39%
        Number of reads mapped to too many loci |	27527
             % of reads mapped to too many loci |	0.08%
                                  UNMAPPED READS:
  Number of reads unmapped: too many mismatches |	0
       % of reads unmapped: too many mismatches |	0.00%
            Number of reads unmapped: too short |	2779117
                 % of reads unmapped: too short |	8.39%
                Number of reads unmapped: other |	28319
                     % of reads unmapped: other |	0.09%
                                  CHIMERIC READS:
                       Number of chimeric reads |	0
                            % of chimeric reads |	0.00%
