                                 Started job on |	Aug 20 05:39:45
                             Started mapping on |	Aug 20 05:40:21
                                    Finished on |	Aug 20 05:46:33
       Mapping speed, Million of reads per hour |	285.28

                          Number of input reads |	29478549
                      Average input read length |	150
                                    UNIQUE READS:
                   Uniquely mapped reads number |	24877052
                        Uniquely mapped reads % |	84.39%
                          Average mapped length |	148.59
                       Number of splices: Total |	4256438
            Number of splices: Annotated (sjdb) |	0
                       Number of splices: GT/AG |	4201911
                       Number of splices: GC/AG |	28930
                       Number of splices: AT/AC |	2158
               Number of splices: Non-canonical |	23439
                      Mismatch rate per base, % |	0.68%
                         Deletion rate per base |	0.02%
                        Deletion average length |	2.01
                        Insertion rate per base |	0.02%
                       Insertion average length |	2.00
                             MULTI-MAPPING READS:
        Number of reads mapped to multiple loci |	1193896
             % of reads mapped to multiple loci |	4.05%
        Number of reads mapped to too many loci |	20691
             % of reads mapped to too many loci |	0.07%
                                  UNMAPPED READS:
  Number of reads unmapped: too many mismatches |	0
       % of reads unmapped: too many mismatches |	0.00%
            Number of reads unmapped: too short |	3358915
                 % of reads unmapped: too short |	11.39%
                Number of reads unmapped: other |	27995
                     % of reads unmapped: other |	0.09%
                                  CHIMERIC READS:
                       Number of chimeric reads |	0
                            % of chimeric reads |	0.00%
