                                 Started job on |	Aug 20 01:53:06
                             Started mapping on |	Aug 20 01:53:42
                                    Finished on |	Aug 20 01:59:13
       Mapping speed, Million of reads per hour |	325.41

                          Number of input reads |	29919838
                      Average input read length |	150
                                    UNIQUE READS:
                   Uniquely mapped reads number |	26256729
                        Uniquely mapped reads % |	87.76%
                          Average mapped length |	148.47
                       Number of splices: Total |	4462187
            Number of splices: Annotated (sjdb) |	0
                       Number of splices: GT/AG |	4399877
                       Number of splices: GC/AG |	31405
                       Number of splices: AT/AC |	1747
               Number of splices: Non-canonical |	29158
                      Mismatch rate per base, % |	0.71%
                         Deletion rate per base |	0.02%
                        Deletion average length |	2.02
                        Insertion rate per base |	0.03%
                       Insertion average length |	2.06
                             MULTI-MAPPING READS:
        Number of reads mapped to multiple loci |	1133803
             % of reads mapped to multiple loci |	3.79%
        Number of reads mapped to too many loci |	20578
             % of reads mapped to too many loci |	0.07%
                                  UNMAPPED READS:
  Number of reads unmapped: too many mismatches |	0
       % of reads unmapped: too many mismatches |	0.00%
            Number of reads unmapped: too short |	2482137
                 % of reads unmapped: too short |	8.30%
                Number of reads unmapped: other |	26591
                     % of reads unmapped: other |	0.09%
                                  CHIMERIC READS:
                       Number of chimeric reads |	0
                            % of chimeric reads |	0.00%
