                                 Started job on |	Aug 20 05:34:36
                             Started mapping on |	Aug 20 05:35:09
                                    Finished on |	Aug 20 05:41:37
       Mapping speed, Million of reads per hour |	336.28

                          Number of input reads |	36243200
                      Average input read length |	150
                                    UNIQUE READS:
                   Uniquely mapped reads number |	31909850
                        Uniquely mapped reads % |	88.04%
                          Average mapped length |	148.48
                       Number of splices: Total |	5805686
            Number of splices: Annotated (sjdb) |	0
                       Number of splices: GT/AG |	5726019
                       Number of splices: GC/AG |	40770
                       Number of splices: AT/AC |	2775
               Number of splices: Non-canonical |	36122
                      Mismatch rate per base, % |	0.75%
                         Deletion rate per base |	0.02%
                        Deletion average length |	1.98
                        Insertion rate per base |	0.03%
                       Insertion average length |	2.07
                             MULTI-MAPPING READS:
        Number of reads mapped to multiple loci |	1784214
             % of reads mapped to multiple loci |	4.92%
        Number of reads mapped to too many loci |	27060
             % of reads mapped to too many loci |	0.07%
                                  UNMAPPED READS:
  Number of reads unmapped: too many mismatches |	0
       % of reads unmapped: too many mismatches |	0.00%
            Number of reads unmapped: too short |	2485135
                 % of reads unmapped: too short |	6.86%
                Number of reads unmapped: other |	36941
                     % of reads unmapped: other |	0.10%
                                  CHIMERIC READS:
                       Number of chimeric reads |	0
                            % of chimeric reads |	0.00%
