                                 Started job on |	Aug 20 05:55:30
                             Started mapping on |	Aug 20 05:56:06
                                    Finished on |	Aug 20 06:00:18
       Mapping speed, Million of reads per hour |	378.13

                          Number of input reads |	26468803
                      Average input read length |	150
                                    UNIQUE READS:
                   Uniquely mapped reads number |	23941478
                        Uniquely mapped reads % |	90.45%
                          Average mapped length |	148.71
                       Number of splices: Total |	2743577
            Number of splices: Annotated (sjdb) |	0
                       Number of splices: GT/AG |	2696318
                       Number of splices: GC/AG |	20097
                       Number of splices: AT/AC |	1865
               Number of splices: Non-canonical |	25297
                      Mismatch rate per base, % |	0.64%
                         Deletion rate per base |	0.03%
                        Deletion average length |	1.99
                        Insertion rate per base |	0.03%
                       Insertion average length |	2.08
                             MULTI-MAPPING READS:
        Number of reads mapped to multiple loci |	1252336
             % of reads mapped to multiple loci |	4.73%
        Number of reads mapped to too many loci |	17901
             % of reads mapped to too many loci |	0.07%
                                  UNMAPPED READS:
  Number of reads unmapped: too many mismatches |	0
       % of reads unmapped: too many mismatches |	0.00%
            Number of reads unmapped: too short |	1225817
                 % of reads unmapped: too short |	4.63%
                Number of reads unmapped: other |	31271
                     % of reads unmapped: other |	0.12%
                                  CHIMERIC READS:
                       Number of chimeric reads |	0
                            % of chimeric reads |	0.00%
