                                 Started job on |	Aug 20 06:16:26
                             Started mapping on |	Aug 20 06:17:29
                                    Finished on |	Aug 20 06:21:38
       Mapping speed, Million of reads per hour |	326.52

                          Number of input reads |	22584357
                      Average input read length |	150
                                    UNIQUE READS:
                   Uniquely mapped reads number |	19871844
                        Uniquely mapped reads % |	87.99%
                          Average mapped length |	148.59
                       Number of splices: Total |	2721949
            Number of splices: Annotated (sjdb) |	0
                       Number of splices: GT/AG |	2682704
                       Number of splices: GC/AG |	18026
                       Number of splices: AT/AC |	1786
               Number of splices: Non-canonical |	19433
                      Mismatch rate per base, % |	0.72%
                         Deletion rate per base |	0.03%
                        Deletion average length |	2.02
                        Insertion rate per base |	0.03%
                       Insertion average length |	2.10
                             MULTI-MAPPING READS:
        Number of reads mapped to multiple loci |	1379735
             % of reads mapped to multiple loci |	6.11%
        Number of reads mapped to too many loci |	23935
             % of reads mapped to too many loci |	0.11%
                                  UNMAPPED READS:
  Number of reads unmapped: too many mismatches |	0
       % of reads unmapped: too many mismatches |	0.00%
            Number of reads unmapped: too short |	1275606
                 % of reads unmapped: too short |	5.65%
                Number of reads unmapped: other |	33237
                     % of reads unmapped: other |	0.15%
                                  CHIMERIC READS:
                       Number of chimeric reads |	0
                            % of chimeric reads |	0.00%
