                                 Started job on |	Aug 20 19:44:06
                             Started mapping on |	Aug 20 19:44:42
                                    Finished on |	Aug 20 19:49:31
       Mapping speed, Million of reads per hour |	343.40

                          Number of input reads |	27567686
                      Average input read length |	150
                                    UNIQUE READS:
                   Uniquely mapped reads number |	24615224
                        Uniquely mapped reads % |	89.29%
                          Average mapped length |	148.45
                       Number of splices: Total |	4170880
            Number of splices: Annotated (sjdb) |	0
                       Number of splices: GT/AG |	4110975
                       Number of splices: GC/AG |	26998
                       Number of splices: AT/AC |	2019
               Number of splices: Non-canonical |	30888
                      Mismatch rate per base, % |	0.69%
                         Deletion rate per base |	0.03%
                        Deletion average length |	2.03
                        Insertion rate per base |	0.03%
                       Insertion average length |	2.08
                             MULTI-MAPPING READS:
        Number of reads mapped to multiple loci |	1295068
             % of reads mapped to multiple loci |	4.70%
        Number of reads mapped to too many loci |	42180
             % of reads mapped to too many loci |	0.15%
                                  UNMAPPED READS:
  Number of reads unmapped: too many mismatches |	0
       % of reads unmapped: too many mismatches |	0.00%
            Number of reads unmapped: too short |	1577918
                 % of reads unmapped: too short |	5.72%
                Number of reads unmapped: other |	37296
                     % of reads unmapped: other |	0.14%
                                  CHIMERIC READS:
                       Number of chimeric reads |	0
                            % of chimeric reads |	0.00%
