                                 Started job on |	Aug 20 19:33:23
                             Started mapping on |	Aug 20 19:33:52
                                    Finished on |	Aug 20 19:38:30
       Mapping speed, Million of reads per hour |	352.29

                          Number of input reads |	27204497
                      Average input read length |	150
                                    UNIQUE READS:
                   Uniquely mapped reads number |	24062682
                        Uniquely mapped reads % |	88.45%
                          Average mapped length |	148.55
                       Number of splices: Total |	3865097
            Number of splices: Annotated (sjdb) |	0
                       Number of splices: GT/AG |	3812100
                       Number of splices: GC/AG |	24685
                       Number of splices: AT/AC |	1728
               Number of splices: Non-canonical |	26584
                      Mismatch rate per base, % |	0.71%
                         Deletion rate per base |	0.02%
                        Deletion average length |	1.97
                        Insertion rate per base |	0.03%
                       Insertion average length |	2.07
                             MULTI-MAPPING READS:
        Number of reads mapped to multiple loci |	1649610
             % of reads mapped to multiple loci |	6.06%
        Number of reads mapped to too many loci |	30871
             % of reads mapped to too many loci |	0.11%
                                  UNMAPPED READS:
  Number of reads unmapped: too many mismatches |	0
       % of reads unmapped: too many mismatches |	0.00%
            Number of reads unmapped: too short |	1432717
                 % of reads unmapped: too short |	5.27%
                Number of reads unmapped: other |	28617
                     % of reads unmapped: other |	0.11%
                                  CHIMERIC READS:
                       Number of chimeric reads |	0
                            % of chimeric reads |	0.00%
