                                 Started job on |	Aug 19 23:26:32
                             Started mapping on |	Aug 19 23:27:25
                                    Finished on |	Aug 19 23:30:48
       Mapping speed, Million of reads per hour |	316.08

                          Number of input reads |	17823263
                      Average input read length |	150
                                    UNIQUE READS:
                   Uniquely mapped reads number |	15013457
                        Uniquely mapped reads % |	84.24%
                          Average mapped length |	148.35
                       Number of splices: Total |	2627085
            Number of splices: Annotated (sjdb) |	0
                       Number of splices: GT/AG |	2591701
                       Number of splices: GC/AG |	17641
                       Number of splices: AT/AC |	1385
               Number of splices: Non-canonical |	16358
                      Mismatch rate per base, % |	0.72%
                         Deletion rate per base |	0.02%
                        Deletion average length |	2.01
                        Insertion rate per base |	0.02%
                       Insertion average length |	2.03
                             MULTI-MAPPING READS:
        Number of reads mapped to multiple loci |	992899
             % of reads mapped to multiple loci |	5.57%
        Number of reads mapped to too many loci |	10050
             % of reads mapped to too many loci |	0.06%
                                  UNMAPPED READS:
  Number of reads unmapped: too many mismatches |	0
       % of reads unmapped: too many mismatches |	0.00%
            Number of reads unmapped: too short |	1791925
                 % of reads unmapped: too short |	10.05%
                Number of reads unmapped: other |	14932
                     % of reads unmapped: other |	0.08%
                                  CHIMERIC READS:
                       Number of chimeric reads |	0
                            % of chimeric reads |	0.00%
