                                 Started job on |	Aug 20 05:50:14
                             Started mapping on |	Aug 20 05:50:45
                                    Finished on |	Aug 20 05:54:41
       Mapping speed, Million of reads per hour |	363.51

                          Number of input reads |	23829881
                      Average input read length |	150
                                    UNIQUE READS:
                   Uniquely mapped reads number |	21376620
                        Uniquely mapped reads % |	89.71%
                          Average mapped length |	148.60
                       Number of splices: Total |	4035027
            Number of splices: Annotated (sjdb) |	0
                       Number of splices: GT/AG |	3987493
                       Number of splices: GC/AG |	24934
                       Number of splices: AT/AC |	2469
               Number of splices: Non-canonical |	20131
                      Mismatch rate per base, % |	0.68%
                         Deletion rate per base |	0.02%
                        Deletion average length |	2.01
                        Insertion rate per base |	0.02%
                       Insertion average length |	2.02
                             MULTI-MAPPING READS:
        Number of reads mapped to multiple loci |	1236698
             % of reads mapped to multiple loci |	5.19%
        Number of reads mapped to too many loci |	21441
             % of reads mapped to too many loci |	0.09%
                                  UNMAPPED READS:
  Number of reads unmapped: too many mismatches |	0
       % of reads unmapped: too many mismatches |	0.00%
            Number of reads unmapped: too short |	1176051
                 % of reads unmapped: too short |	4.94%
                Number of reads unmapped: other |	19071
                     % of reads unmapped: other |	0.08%
                                  CHIMERIC READS:
                       Number of chimeric reads |	0
                            % of chimeric reads |	0.00%
