                                 Started job on |	Aug 19 23:00:19
                             Started mapping on |	Aug 19 23:00:51
                                    Finished on |	Aug 19 23:05:12
       Mapping speed, Million of reads per hour |	320.09

                          Number of input reads |	23206732
                      Average input read length |	150
                                    UNIQUE READS:
                   Uniquely mapped reads number |	20005044
                        Uniquely mapped reads % |	86.20%
                          Average mapped length |	148.43
                       Number of splices: Total |	3572121
            Number of splices: Annotated (sjdb) |	0
                       Number of splices: GT/AG |	3526594
                       Number of splices: GC/AG |	23985
                       Number of splices: AT/AC |	1650
               Number of splices: Non-canonical |	19892
                      Mismatch rate per base, % |	0.75%
                         Deletion rate per base |	0.02%
                        Deletion average length |	2.00
                        Insertion rate per base |	0.02%
                       Insertion average length |	2.07
                             MULTI-MAPPING READS:
        Number of reads mapped to multiple loci |	1213928
             % of reads mapped to multiple loci |	5.23%
        Number of reads mapped to too many loci |	17510
             % of reads mapped to too many loci |	0.08%
                                  UNMAPPED READS:
  Number of reads unmapped: too many mismatches |	0
       % of reads unmapped: too many mismatches |	0.00%
            Number of reads unmapped: too short |	1945097
                 % of reads unmapped: too short |	8.38%
                Number of reads unmapped: other |	25153
                     % of reads unmapped: other |	0.11%
                                  CHIMERIC READS:
                       Number of chimeric reads |	0
                            % of chimeric reads |	0.00%
