                                 Started job on |	Aug 19 23:10:52
                             Started mapping on |	Aug 19 23:11:30
                                    Finished on |	Aug 19 23:16:26
       Mapping speed, Million of reads per hour |	224.29

                          Number of input reads |	18441415
                      Average input read length |	150
                                    UNIQUE READS:
                   Uniquely mapped reads number |	6588953
                        Uniquely mapped reads % |	35.73%
                          Average mapped length |	148.28
                       Number of splices: Total |	1516596
            Number of splices: Annotated (sjdb) |	0
                       Number of splices: GT/AG |	1498827
                       Number of splices: GC/AG |	10295
                       Number of splices: AT/AC |	774
               Number of splices: Non-canonical |	6700
                      Mismatch rate per base, % |	0.71%
                         Deletion rate per base |	0.02%
                        Deletion average length |	1.98
                        Insertion rate per base |	0.02%
                       Insertion average length |	2.00
                             MULTI-MAPPING READS:
        Number of reads mapped to multiple loci |	470582
             % of reads mapped to multiple loci |	2.55%
        Number of reads mapped to too many loci |	8091
             % of reads mapped to too many loci |	0.04%
                                  UNMAPPED READS:
  Number of reads unmapped: too many mismatches |	0
       % of reads unmapped: too many mismatches |	0.00%
            Number of reads unmapped: too short |	11368206
                 % of reads unmapped: too short |	61.64%
                Number of reads unmapped: other |	5583
                     % of reads unmapped: other |	0.03%
                                  CHIMERIC READS:
                       Number of chimeric reads |	0
                            % of chimeric reads |	0.00%
