                                 Started job on |	Aug 20 06:00:41
                             Started mapping on |	Aug 20 06:01:11
                                    Finished on |	Aug 20 06:05:33
       Mapping speed, Million of reads per hour |	361.66

                          Number of input reads |	26321028
                      Average input read length |	150
                                    UNIQUE READS:
                   Uniquely mapped reads number |	23661170
                        Uniquely mapped reads % |	89.89%
                          Average mapped length |	148.70
                       Number of splices: Total |	2928090
            Number of splices: Annotated (sjdb) |	0
                       Number of splices: GT/AG |	2884338
                       Number of splices: GC/AG |	19837
                       Number of splices: AT/AC |	1919
               Number of splices: Non-canonical |	21996
                      Mismatch rate per base, % |	0.71%
                         Deletion rate per base |	0.03%
                        Deletion average length |	2.00
                        Insertion rate per base |	0.03%
                       Insertion average length |	2.07
                             MULTI-MAPPING READS:
        Number of reads mapped to multiple loci |	1244720
             % of reads mapped to multiple loci |	4.73%
        Number of reads mapped to too many loci |	21839
             % of reads mapped to too many loci |	0.08%
                                  UNMAPPED READS:
  Number of reads unmapped: too many mismatches |	0
       % of reads unmapped: too many mismatches |	0.00%
            Number of reads unmapped: too short |	1364228
                 % of reads unmapped: too short |	5.18%
                Number of reads unmapped: other |	29071
                     % of reads unmapped: other |	0.11%
                                  CHIMERIC READS:
                       Number of chimeric reads |	0
                            % of chimeric reads |	0.00%
