                                 Started job on |	Aug 18 01:28:34
                             Started mapping on |	Aug 18 01:29:11
                                    Finished on |	Aug 18 01:41:47
       Mapping speed, Million of reads per hour |	176.20

                          Number of input reads |	37001056
                      Average input read length |	150
                                    UNIQUE READS:
                   Uniquely mapped reads number |	11248777
                        Uniquely mapped reads % |	30.40%
                          Average mapped length |	147.95
                       Number of splices: Total |	1986982
            Number of splices: Annotated (sjdb) |	0
                       Number of splices: GT/AG |	1961325
                       Number of splices: GC/AG |	11341
                       Number of splices: AT/AC |	811
               Number of splices: Non-canonical |	13505
                      Mismatch rate per base, % |	0.78%
                         Deletion rate per base |	0.01%
                        Deletion average length |	1.77
                        Insertion rate per base |	0.02%
                       Insertion average length |	2.02
                             MULTI-MAPPING READS:
        Number of reads mapped to multiple loci |	16397378
             % of reads mapped to multiple loci |	44.32%
        Number of reads mapped to too many loci |	7650240
             % of reads mapped to too many loci |	20.68%
                                  UNMAPPED READS:
  Number of reads unmapped: too many mismatches |	0
       % of reads unmapped: too many mismatches |	0.00%
            Number of reads unmapped: too short |	1693939
                 % of reads unmapped: too short |	4.58%
                Number of reads unmapped: other |	10722
                     % of reads unmapped: other |	0.03%
                                  CHIMERIC READS:
                       Number of chimeric reads |	0
                            % of chimeric reads |	0.00%
