                                 Started job on |	Aug 20 05:34:35
                             Started mapping on |	Aug 20 05:35:09
                                    Finished on |	Aug 20 05:41:03
       Mapping speed, Million of reads per hour |	301.42

                          Number of input reads |	29640070
                      Average input read length |	150
                                    UNIQUE READS:
                   Uniquely mapped reads number |	24937067
                        Uniquely mapped reads % |	84.13%
                          Average mapped length |	148.46
                       Number of splices: Total |	4677021
            Number of splices: Annotated (sjdb) |	0
                       Number of splices: GT/AG |	4614061
                       Number of splices: GC/AG |	35514
                       Number of splices: AT/AC |	2116
               Number of splices: Non-canonical |	25330
                      Mismatch rate per base, % |	0.70%
                         Deletion rate per base |	0.02%
                        Deletion average length |	1.99
                        Insertion rate per base |	0.02%
                       Insertion average length |	2.03
                             MULTI-MAPPING READS:
        Number of reads mapped to multiple loci |	1285230
             % of reads mapped to multiple loci |	4.34%
        Number of reads mapped to too many loci |	48155
             % of reads mapped to too many loci |	0.16%
                                  UNMAPPED READS:
  Number of reads unmapped: too many mismatches |	0
       % of reads unmapped: too many mismatches |	0.00%
            Number of reads unmapped: too short |	3331600
                 % of reads unmapped: too short |	11.24%
                Number of reads unmapped: other |	38018
                     % of reads unmapped: other |	0.13%
                                  CHIMERIC READS:
                       Number of chimeric reads |	0
                            % of chimeric reads |	0.00%
