                                 Started job on |	Aug 20 01:53:06
                             Started mapping on |	Aug 20 01:53:42
                                    Finished on |	Aug 20 01:59:14
       Mapping speed, Million of reads per hour |	345.12

                          Number of input reads |	31827858
                      Average input read length |	150
                                    UNIQUE READS:
                   Uniquely mapped reads number |	28190738
                        Uniquely mapped reads % |	88.57%
                          Average mapped length |	148.54
                       Number of splices: Total |	4398031
            Number of splices: Annotated (sjdb) |	0
                       Number of splices: GT/AG |	4336996
                       Number of splices: GC/AG |	29649
                       Number of splices: AT/AC |	2168
               Number of splices: Non-canonical |	29218
                      Mismatch rate per base, % |	0.68%
                         Deletion rate per base |	0.03%
                        Deletion average length |	2.03
                        Insertion rate per base |	0.03%
                       Insertion average length |	2.05
                             MULTI-MAPPING READS:
        Number of reads mapped to multiple loci |	1256976
             % of reads mapped to multiple loci |	3.95%
        Number of reads mapped to too many loci |	20955
             % of reads mapped to too many loci |	0.07%
                                  UNMAPPED READS:
  Number of reads unmapped: too many mismatches |	0
       % of reads unmapped: too many mismatches |	0.00%
            Number of reads unmapped: too short |	2327932
                 % of reads unmapped: too short |	7.31%
                Number of reads unmapped: other |	31257
                     % of reads unmapped: other |	0.10%
                                  CHIMERIC READS:
                       Number of chimeric reads |	0
                            % of chimeric reads |	0.00%
