                                 Started job on |	Aug 20 06:11:06
                             Started mapping on |	Aug 20 06:11:40
                                    Finished on |	Aug 20 06:16:06
       Mapping speed, Million of reads per hour |	384.71

                          Number of input reads |	28425656
                      Average input read length |	150
                                    UNIQUE READS:
                   Uniquely mapped reads number |	25944236
                        Uniquely mapped reads % |	91.27%
                          Average mapped length |	148.76
                       Number of splices: Total |	3981653
            Number of splices: Annotated (sjdb) |	0
                       Number of splices: GT/AG |	3928973
                       Number of splices: GC/AG |	25347
                       Number of splices: AT/AC |	1945
               Number of splices: Non-canonical |	25388
                      Mismatch rate per base, % |	0.63%
                         Deletion rate per base |	0.02%
                        Deletion average length |	1.99
                        Insertion rate per base |	0.03%
                       Insertion average length |	2.08
                             MULTI-MAPPING READS:
        Number of reads mapped to multiple loci |	1201647
             % of reads mapped to multiple loci |	4.23%
        Number of reads mapped to too many loci |	22630
             % of reads mapped to too many loci |	0.08%
                                  UNMAPPED READS:
  Number of reads unmapped: too many mismatches |	0
       % of reads unmapped: too many mismatches |	0.00%
            Number of reads unmapped: too short |	1225965
                 % of reads unmapped: too short |	4.31%
                Number of reads unmapped: other |	31178
                     % of reads unmapped: other |	0.11%
                                  CHIMERIC READS:
                       Number of chimeric reads |	0
                            % of chimeric reads |	0.00%
