                                 Started job on |	Aug 20 05:50:14
                             Started mapping on |	Aug 20 05:50:42
                                    Finished on |	Aug 20 05:56:33
       Mapping speed, Million of reads per hour |	330.48

                          Number of input reads |	32221705
                      Average input read length |	150
                                    UNIQUE READS:
                   Uniquely mapped reads number |	28484938
                        Uniquely mapped reads % |	88.40%
                          Average mapped length |	148.54
                       Number of splices: Total |	4638305
            Number of splices: Annotated (sjdb) |	0
                       Number of splices: GT/AG |	4571900
                       Number of splices: GC/AG |	35086
                       Number of splices: AT/AC |	2370
               Number of splices: Non-canonical |	28949
                      Mismatch rate per base, % |	0.71%
                         Deletion rate per base |	0.03%
                        Deletion average length |	2.00
                        Insertion rate per base |	0.03%
                       Insertion average length |	2.05
                             MULTI-MAPPING READS:
        Number of reads mapped to multiple loci |	1278926
             % of reads mapped to multiple loci |	3.97%
        Number of reads mapped to too many loci |	22498
             % of reads mapped to too many loci |	0.07%
                                  UNMAPPED READS:
  Number of reads unmapped: too many mismatches |	0
       % of reads unmapped: too many mismatches |	0.00%
            Number of reads unmapped: too short |	2406892
                 % of reads unmapped: too short |	7.47%
                Number of reads unmapped: other |	28451
                     % of reads unmapped: other |	0.09%
                                  CHIMERIC READS:
                       Number of chimeric reads |	0
                            % of chimeric reads |	0.00%
