                                 Started job on |	Aug 20 00:49:53
                             Started mapping on |	Aug 20 00:50:25
                                    Finished on |	Aug 20 00:56:15
       Mapping speed, Million of reads per hour |	351.83

                          Number of input reads |	34205891
                      Average input read length |	150
                                    UNIQUE READS:
                   Uniquely mapped reads number |	30613684
                        Uniquely mapped reads % |	89.50%
                          Average mapped length |	148.59
                       Number of splices: Total |	4941862
            Number of splices: Annotated (sjdb) |	0
                       Number of splices: GT/AG |	4876363
                       Number of splices: GC/AG |	32834
                       Number of splices: AT/AC |	2377
               Number of splices: Non-canonical |	30288
                      Mismatch rate per base, % |	0.67%
                         Deletion rate per base |	0.03%
                        Deletion average length |	2.02
                        Insertion rate per base |	0.03%
                       Insertion average length |	2.06
                             MULTI-MAPPING READS:
        Number of reads mapped to multiple loci |	1422248
             % of reads mapped to multiple loci |	4.16%
        Number of reads mapped to too many loci |	27272
             % of reads mapped to too many loci |	0.08%
                                  UNMAPPED READS:
  Number of reads unmapped: too many mismatches |	0
       % of reads unmapped: too many mismatches |	0.00%
            Number of reads unmapped: too short |	2106631
                 % of reads unmapped: too short |	6.16%
                Number of reads unmapped: other |	36056
                     % of reads unmapped: other |	0.11%
                                  CHIMERIC READS:
                       Number of chimeric reads |	0
                            % of chimeric reads |	0.00%
