                                 Started job on |	Aug 20 19:54:48
                             Started mapping on |	Aug 20 19:55:18
                                    Finished on |	Aug 20 20:01:57
       Mapping speed, Million of reads per hour |	271.92

                          Number of input reads |	30138201
                      Average input read length |	150
                                    UNIQUE READS:
                   Uniquely mapped reads number |	24367194
                        Uniquely mapped reads % |	80.85%
                          Average mapped length |	148.33
                       Number of splices: Total |	3760407
            Number of splices: Annotated (sjdb) |	0
                       Number of splices: GT/AG |	3704076
                       Number of splices: GC/AG |	27011
                       Number of splices: AT/AC |	1821
               Number of splices: Non-canonical |	27499
                      Mismatch rate per base, % |	0.75%
                         Deletion rate per base |	0.03%
                        Deletion average length |	1.95
                        Insertion rate per base |	0.03%
                       Insertion average length |	2.04
                             MULTI-MAPPING READS:
        Number of reads mapped to multiple loci |	1777966
             % of reads mapped to multiple loci |	5.90%
        Number of reads mapped to too many loci |	30091
             % of reads mapped to too many loci |	0.10%
                                  UNMAPPED READS:
  Number of reads unmapped: too many mismatches |	0
       % of reads unmapped: too many mismatches |	0.00%
            Number of reads unmapped: too short |	3936547
                 % of reads unmapped: too short |	13.06%
                Number of reads unmapped: other |	26403
                     % of reads unmapped: other |	0.09%
                                  CHIMERIC READS:
                       Number of chimeric reads |	0
                            % of chimeric reads |	0.00%
