                                 Started job on |	Aug 20 05:50:14
                             Started mapping on |	Aug 20 05:50:49
                                    Finished on |	Aug 20 05:54:21
       Mapping speed, Million of reads per hour |	355.86

                          Number of input reads |	20956182
                      Average input read length |	150
                                    UNIQUE READS:
                   Uniquely mapped reads number |	19063462
                        Uniquely mapped reads % |	90.97%
                          Average mapped length |	148.66
                       Number of splices: Total |	2926494
            Number of splices: Annotated (sjdb) |	0
                       Number of splices: GT/AG |	2886173
                       Number of splices: GC/AG |	19907
                       Number of splices: AT/AC |	1600
               Number of splices: Non-canonical |	18814
                      Mismatch rate per base, % |	0.70%
                         Deletion rate per base |	0.03%
                        Deletion average length |	2.01
                        Insertion rate per base |	0.03%
                       Insertion average length |	2.06
                             MULTI-MAPPING READS:
        Number of reads mapped to multiple loci |	837233
             % of reads mapped to multiple loci |	4.00%
        Number of reads mapped to too many loci |	15370
             % of reads mapped to too many loci |	0.07%
                                  UNMAPPED READS:
  Number of reads unmapped: too many mismatches |	0
       % of reads unmapped: too many mismatches |	0.00%
            Number of reads unmapped: too short |	1019326
                 % of reads unmapped: too short |	4.86%
                Number of reads unmapped: other |	20791
                     % of reads unmapped: other |	0.10%
                                  CHIMERIC READS:
                       Number of chimeric reads |	0
                            % of chimeric reads |	0.00%
