                                 Started job on |	Aug 22 04:04:24
                             Started mapping on |	Aug 22 04:04:58
                                    Finished on |	Aug 22 04:10:34
       Mapping speed, Million of reads per hour |	327.54

                          Number of input reads |	30570578
                      Average input read length |	150
                                    UNIQUE READS:
                   Uniquely mapped reads number |	27112149
                        Uniquely mapped reads % |	88.69%
                          Average mapped length |	148.45
                       Number of splices: Total |	4286887
            Number of splices: Annotated (sjdb) |	0
                       Number of splices: GT/AG |	4224622
                       Number of splices: GC/AG |	30881
                       Number of splices: AT/AC |	1948
               Number of splices: Non-canonical |	29436
                      Mismatch rate per base, % |	0.81%
                         Deletion rate per base |	0.02%
                        Deletion average length |	1.97
                        Insertion rate per base |	0.03%
                       Insertion average length |	2.07
                             MULTI-MAPPING READS:
        Number of reads mapped to multiple loci |	1386952
             % of reads mapped to multiple loci |	4.54%
        Number of reads mapped to too many loci |	23733
             % of reads mapped to too many loci |	0.08%
                                  UNMAPPED READS:
  Number of reads unmapped: too many mismatches |	0
       % of reads unmapped: too many mismatches |	0.00%
            Number of reads unmapped: too short |	2018384
                 % of reads unmapped: too short |	6.60%
                Number of reads unmapped: other |	29360
                     % of reads unmapped: other |	0.10%
                                  CHIMERIC READS:
                       Number of chimeric reads |	0
                            % of chimeric reads |	0.00%
