                                 Started job on |	Aug 20 20:00:05
                             Started mapping on |	Aug 20 20:00:33
                                    Finished on |	Aug 20 20:06:18
       Mapping speed, Million of reads per hour |	309.98

                          Number of input reads |	29705947
                      Average input read length |	150
                                    UNIQUE READS:
                   Uniquely mapped reads number |	25632935
                        Uniquely mapped reads % |	86.29%
                          Average mapped length |	148.23
                       Number of splices: Total |	4120374
            Number of splices: Annotated (sjdb) |	0
                       Number of splices: GT/AG |	4056982
                       Number of splices: GC/AG |	27931
                       Number of splices: AT/AC |	1995
               Number of splices: Non-canonical |	33466
                      Mismatch rate per base, % |	0.78%
                         Deletion rate per base |	0.03%
                        Deletion average length |	1.96
                        Insertion rate per base |	0.03%
                       Insertion average length |	2.01
                             MULTI-MAPPING READS:
        Number of reads mapped to multiple loci |	1672864
             % of reads mapped to multiple loci |	5.63%
        Number of reads mapped to too many loci |	33197
             % of reads mapped to too many loci |	0.11%
                                  UNMAPPED READS:
  Number of reads unmapped: too many mismatches |	0
       % of reads unmapped: too many mismatches |	0.00%
            Number of reads unmapped: too short |	2341175
                 % of reads unmapped: too short |	7.88%
                Number of reads unmapped: other |	25776
                     % of reads unmapped: other |	0.09%
                                  CHIMERIC READS:
                       Number of chimeric reads |	0
                            % of chimeric reads |	0.00%
