                                 Started job on |	Aug 20 01:53:06
                             Started mapping on |	Aug 20 01:53:37
                                    Finished on |	Aug 20 01:56:45
       Mapping speed, Million of reads per hour |	338.26

                          Number of input reads |	17664471
                      Average input read length |	150
                                    UNIQUE READS:
                   Uniquely mapped reads number |	15567549
                        Uniquely mapped reads % |	88.13%
                          Average mapped length |	148.54
                       Number of splices: Total |	2400416
            Number of splices: Annotated (sjdb) |	0
                       Number of splices: GT/AG |	2367291
                       Number of splices: GC/AG |	16674
                       Number of splices: AT/AC |	1056
               Number of splices: Non-canonical |	15395
                      Mismatch rate per base, % |	0.62%
                         Deletion rate per base |	0.03%
                        Deletion average length |	2.03
                        Insertion rate per base |	0.02%
                       Insertion average length |	2.01
                             MULTI-MAPPING READS:
        Number of reads mapped to multiple loci |	654496
             % of reads mapped to multiple loci |	3.71%
        Number of reads mapped to too many loci |	9948
             % of reads mapped to too many loci |	0.06%
                                  UNMAPPED READS:
  Number of reads unmapped: too many mismatches |	0
       % of reads unmapped: too many mismatches |	0.00%
            Number of reads unmapped: too short |	1413623
                 % of reads unmapped: too short |	8.00%
                Number of reads unmapped: other |	18855
                     % of reads unmapped: other |	0.11%
                                  CHIMERIC READS:
                       Number of chimeric reads |	0
                            % of chimeric reads |	0.00%
