                                 Started job on |	Aug 19 23:10:52
                             Started mapping on |	Aug 19 23:11:30
                                    Finished on |	Aug 19 23:17:12
       Mapping speed, Million of reads per hour |	311.52

                          Number of input reads |	29594465
                      Average input read length |	150
                                    UNIQUE READS:
                   Uniquely mapped reads number |	25128955
                        Uniquely mapped reads % |	84.91%
                          Average mapped length |	148.43
                       Number of splices: Total |	4236659
            Number of splices: Annotated (sjdb) |	0
                       Number of splices: GT/AG |	4176659
                       Number of splices: GC/AG |	29719
                       Number of splices: AT/AC |	2025
               Number of splices: Non-canonical |	28256
                      Mismatch rate per base, % |	0.71%
                         Deletion rate per base |	0.02%
                        Deletion average length |	2.01
                        Insertion rate per base |	0.03%
                       Insertion average length |	2.05
                             MULTI-MAPPING READS:
        Number of reads mapped to multiple loci |	1477209
             % of reads mapped to multiple loci |	4.99%
        Number of reads mapped to too many loci |	24022
             % of reads mapped to too many loci |	0.08%
                                  UNMAPPED READS:
  Number of reads unmapped: too many mismatches |	0
       % of reads unmapped: too many mismatches |	0.00%
            Number of reads unmapped: too short |	2934320
                 % of reads unmapped: too short |	9.92%
                Number of reads unmapped: other |	29959
                     % of reads unmapped: other |	0.10%
                                  CHIMERIC READS:
                       Number of chimeric reads |	0
                            % of chimeric reads |	0.00%
