                                 Started job on |	Aug 20 19:44:06
                             Started mapping on |	Aug 20 19:44:39
                                    Finished on |	Aug 20 19:49:35
       Mapping speed, Million of reads per hour |	346.43

                          Number of input reads |	28484492
                      Average input read length |	150
                                    UNIQUE READS:
                   Uniquely mapped reads number |	25250828
                        Uniquely mapped reads % |	88.65%
                          Average mapped length |	148.56
                       Number of splices: Total |	3467410
            Number of splices: Annotated (sjdb) |	0
                       Number of splices: GT/AG |	3412436
                       Number of splices: GC/AG |	23891
                       Number of splices: AT/AC |	1879
               Number of splices: Non-canonical |	29204
                      Mismatch rate per base, % |	0.67%
                         Deletion rate per base |	0.03%
                        Deletion average length |	1.97
                        Insertion rate per base |	0.03%
                       Insertion average length |	2.07
                             MULTI-MAPPING READS:
        Number of reads mapped to multiple loci |	1673316
             % of reads mapped to multiple loci |	5.87%
        Number of reads mapped to too many loci |	31326
             % of reads mapped to too many loci |	0.11%
                                  UNMAPPED READS:
  Number of reads unmapped: too many mismatches |	0
       % of reads unmapped: too many mismatches |	0.00%
            Number of reads unmapped: too short |	1499729
                 % of reads unmapped: too short |	5.27%
                Number of reads unmapped: other |	29293
                     % of reads unmapped: other |	0.10%
                                  CHIMERIC READS:
                       Number of chimeric reads |	0
                            % of chimeric reads |	0.00%
