                                 Started job on |	Aug 20 19:44:06
                             Started mapping on |	Aug 20 19:44:44
                                    Finished on |	Aug 20 19:49:59
       Mapping speed, Million of reads per hour |	345.37

                          Number of input reads |	30220027
                      Average input read length |	150
                                    UNIQUE READS:
                   Uniquely mapped reads number |	27356530
                        Uniquely mapped reads % |	90.52%
                          Average mapped length |	148.60
                       Number of splices: Total |	3781695
            Number of splices: Annotated (sjdb) |	0
                       Number of splices: GT/AG |	3723249
                       Number of splices: GC/AG |	26440
                       Number of splices: AT/AC |	2279
               Number of splices: Non-canonical |	29727
                      Mismatch rate per base, % |	0.72%
                         Deletion rate per base |	0.03%
                        Deletion average length |	2.00
                        Insertion rate per base |	0.03%
                       Insertion average length |	2.09
                             MULTI-MAPPING READS:
        Number of reads mapped to multiple loci |	1187912
             % of reads mapped to multiple loci |	3.93%
        Number of reads mapped to too many loci |	25944
             % of reads mapped to too many loci |	0.09%
                                  UNMAPPED READS:
  Number of reads unmapped: too many mismatches |	0
       % of reads unmapped: too many mismatches |	0.00%
            Number of reads unmapped: too short |	1608709
                 % of reads unmapped: too short |	5.32%
                Number of reads unmapped: other |	40932
                     % of reads unmapped: other |	0.14%
                                  CHIMERIC READS:
                       Number of chimeric reads |	0
                            % of chimeric reads |	0.00%
