                                 Started job on |	Aug 20 19:49:27
                             Started mapping on |	Aug 20 19:50:15
                                    Finished on |	Aug 20 19:54:41
       Mapping speed, Million of reads per hour |	318.31

                          Number of input reads |	23519329
                      Average input read length |	150
                                    UNIQUE READS:
                   Uniquely mapped reads number |	20748629
                        Uniquely mapped reads % |	88.22%
                          Average mapped length |	148.50
                       Number of splices: Total |	2746182
            Number of splices: Annotated (sjdb) |	0
                       Number of splices: GT/AG |	2701857
                       Number of splices: GC/AG |	19156
                       Number of splices: AT/AC |	1523
               Number of splices: Non-canonical |	23646
                      Mismatch rate per base, % |	0.77%
                         Deletion rate per base |	0.03%
                        Deletion average length |	1.99
                        Insertion rate per base |	0.03%
                       Insertion average length |	2.05
                             MULTI-MAPPING READS:
        Number of reads mapped to multiple loci |	1256158
             % of reads mapped to multiple loci |	5.34%
        Number of reads mapped to too many loci |	23732
             % of reads mapped to too many loci |	0.10%
                                  UNMAPPED READS:
  Number of reads unmapped: too many mismatches |	0
       % of reads unmapped: too many mismatches |	0.00%
            Number of reads unmapped: too short |	1468392
                 % of reads unmapped: too short |	6.24%
                Number of reads unmapped: other |	22418
                     % of reads unmapped: other |	0.10%
                                  CHIMERIC READS:
                       Number of chimeric reads |	0
                            % of chimeric reads |	0.00%
