                                 Started job on |	Aug 19 23:00:19
                             Started mapping on |	Aug 19 23:00:54
                                    Finished on |	Aug 19 23:06:11
       Mapping speed, Million of reads per hour |	329.22

                          Number of input reads |	28989746
                      Average input read length |	150
                                    UNIQUE READS:
                   Uniquely mapped reads number |	25779009
                        Uniquely mapped reads % |	88.92%
                          Average mapped length |	148.50
                       Number of splices: Total |	3989229
            Number of splices: Annotated (sjdb) |	0
                       Number of splices: GT/AG |	3931917
                       Number of splices: GC/AG |	28343
                       Number of splices: AT/AC |	2131
               Number of splices: Non-canonical |	26838
                      Mismatch rate per base, % |	0.78%
                         Deletion rate per base |	0.03%
                        Deletion average length |	2.01
                        Insertion rate per base |	0.03%
                       Insertion average length |	2.10
                             MULTI-MAPPING READS:
        Number of reads mapped to multiple loci |	1243975
             % of reads mapped to multiple loci |	4.29%
        Number of reads mapped to too many loci |	21585
             % of reads mapped to too many loci |	0.07%
                                  UNMAPPED READS:
  Number of reads unmapped: too many mismatches |	0
       % of reads unmapped: too many mismatches |	0.00%
            Number of reads unmapped: too short |	1911893
                 % of reads unmapped: too short |	6.60%
                Number of reads unmapped: other |	33284
                     % of reads unmapped: other |	0.11%
                                  CHIMERIC READS:
                       Number of chimeric reads |	0
                            % of chimeric reads |	0.00%
