                                 Started job on |	Aug 19 06:12:15
                             Started mapping on |	Aug 19 06:12:44
                                    Finished on |	Aug 19 06:20:35
       Mapping speed, Million of reads per hour |	225.31

                          Number of input reads |	29478549
                      Average input read length |	150
                                    UNIQUE READS:
                   Uniquely mapped reads number |	23883482
                        Uniquely mapped reads % |	81.02%
                          Average mapped length |	147.01
                       Number of splices: Total |	4027501
            Number of splices: Annotated (sjdb) |	0
                       Number of splices: GT/AG |	3959429
                       Number of splices: GC/AG |	24313
                       Number of splices: AT/AC |	2229
               Number of splices: Non-canonical |	41530
                      Mismatch rate per base, % |	1.80%
                         Deletion rate per base |	0.07%
                        Deletion average length |	2.26
                        Insertion rate per base |	0.05%
                       Insertion average length |	2.14
                             MULTI-MAPPING READS:
        Number of reads mapped to multiple loci |	1130286
             % of reads mapped to multiple loci |	3.83%
        Number of reads mapped to too many loci |	13065
             % of reads mapped to too many loci |	0.04%
                                  UNMAPPED READS:
  Number of reads unmapped: too many mismatches |	0
       % of reads unmapped: too many mismatches |	0.00%
            Number of reads unmapped: too short |	4439853
                 % of reads unmapped: too short |	15.06%
                Number of reads unmapped: other |	11863
                     % of reads unmapped: other |	0.04%
                                  CHIMERIC READS:
                       Number of chimeric reads |	0
                            % of chimeric reads |	0.00%
