                                 Started job on |	Aug 19 05:25:24
                             Started mapping on |	Aug 19 05:26:06
                                    Finished on |	Aug 19 05:32:06
       Mapping speed, Million of reads per hour |	244.30

                          Number of input reads |	24430104
                      Average input read length |	150
                                    UNIQUE READS:
                   Uniquely mapped reads number |	20365110
                        Uniquely mapped reads % |	83.36%
                          Average mapped length |	147.05
                       Number of splices: Total |	2518790
            Number of splices: Annotated (sjdb) |	0
                       Number of splices: GT/AG |	2463594
                       Number of splices: GC/AG |	16770
                       Number of splices: AT/AC |	1788
               Number of splices: Non-canonical |	36638
                      Mismatch rate per base, % |	1.77%
                         Deletion rate per base |	0.08%
                        Deletion average length |	2.34
                        Insertion rate per base |	0.06%
                       Insertion average length |	2.21
                             MULTI-MAPPING READS:
        Number of reads mapped to multiple loci |	826825
             % of reads mapped to multiple loci |	3.38%
        Number of reads mapped to too many loci |	16004
             % of reads mapped to too many loci |	0.07%
                                  UNMAPPED READS:
  Number of reads unmapped: too many mismatches |	0
       % of reads unmapped: too many mismatches |	0.00%
            Number of reads unmapped: too short |	3209396
                 % of reads unmapped: too short |	13.14%
                Number of reads unmapped: other |	12769
                     % of reads unmapped: other |	0.05%
                                  CHIMERIC READS:
                       Number of chimeric reads |	0
                            % of chimeric reads |	0.00%
