                                 Started job on |	Aug 19 17:28:33
                             Started mapping on |	Aug 19 17:29:08
                                    Finished on |	Aug 19 17:35:08
       Mapping speed, Million of reads per hour |	248.84

                          Number of input reads |	24884139
                      Average input read length |	150
                                    UNIQUE READS:
                   Uniquely mapped reads number |	20919465
                        Uniquely mapped reads % |	84.07%
                          Average mapped length |	146.96
                       Number of splices: Total |	3404212
            Number of splices: Annotated (sjdb) |	0
                       Number of splices: GT/AG |	3340200
                       Number of splices: GC/AG |	20923
                       Number of splices: AT/AC |	1696
               Number of splices: Non-canonical |	41393
                      Mismatch rate per base, % |	1.84%
                         Deletion rate per base |	0.06%
                        Deletion average length |	2.26
                        Insertion rate per base |	0.04%
                       Insertion average length |	2.15
                             MULTI-MAPPING READS:
        Number of reads mapped to multiple loci |	1773443
             % of reads mapped to multiple loci |	7.13%
        Number of reads mapped to too many loci |	15807
             % of reads mapped to too many loci |	0.06%
                                  UNMAPPED READS:
  Number of reads unmapped: too many mismatches |	0
       % of reads unmapped: too many mismatches |	0.00%
            Number of reads unmapped: too short |	2168002
                 % of reads unmapped: too short |	8.71%
                Number of reads unmapped: other |	7422
                     % of reads unmapped: other |	0.03%
                                  CHIMERIC READS:
                       Number of chimeric reads |	0
                            % of chimeric reads |	0.00%
