                                 Started job on |	Aug 18 20:08:36
                             Started mapping on |	Aug 18 20:09:04
                                    Finished on |	Aug 18 20:18:52
       Mapping speed, Million of reads per hour |	164.30

                          Number of input reads |	26835225
                      Average input read length |	150
                                    UNIQUE READS:
                   Uniquely mapped reads number |	15574579
                        Uniquely mapped reads % |	58.04%
                          Average mapped length |	146.56
                       Number of splices: Total |	2826382
            Number of splices: Annotated (sjdb) |	0
                       Number of splices: GT/AG |	2780759
                       Number of splices: GC/AG |	16543
                       Number of splices: AT/AC |	1458
               Number of splices: Non-canonical |	27622
                      Mismatch rate per base, % |	1.76%
                         Deletion rate per base |	0.06%
                        Deletion average length |	2.25
                        Insertion rate per base |	0.05%
                       Insertion average length |	2.18
                             MULTI-MAPPING READS:
        Number of reads mapped to multiple loci |	880842
             % of reads mapped to multiple loci |	3.28%
        Number of reads mapped to too many loci |	9104
             % of reads mapped to too many loci |	0.03%
                                  UNMAPPED READS:
  Number of reads unmapped: too many mismatches |	0
       % of reads unmapped: too many mismatches |	0.00%
            Number of reads unmapped: too short |	10362918
                 % of reads unmapped: too short |	38.62%
                Number of reads unmapped: other |	7782
                     % of reads unmapped: other |	0.03%
                                  CHIMERIC READS:
                       Number of chimeric reads |	0
                            % of chimeric reads |	0.00%
