                                 Started job on |	Aug 19 22:13:19
                             Started mapping on |	Aug 19 22:13:51
                                    Finished on |	Aug 19 22:21:26
       Mapping speed, Million of reads per hour |	235.04

                          Number of input reads |	29705947
                      Average input read length |	150
                                    UNIQUE READS:
                   Uniquely mapped reads number |	24693728
                        Uniquely mapped reads % |	83.13%
                          Average mapped length |	146.77
                       Number of splices: Total |	3876838
            Number of splices: Annotated (sjdb) |	0
                       Number of splices: GT/AG |	3799913
                       Number of splices: GC/AG |	23967
                       Number of splices: AT/AC |	2000
               Number of splices: Non-canonical |	50958
                      Mismatch rate per base, % |	1.91%
                         Deletion rate per base |	0.06%
                        Deletion average length |	2.27
                        Insertion rate per base |	0.05%
                       Insertion average length |	2.17
                             MULTI-MAPPING READS:
        Number of reads mapped to multiple loci |	1730943
             % of reads mapped to multiple loci |	5.83%
        Number of reads mapped to too many loci |	19286
             % of reads mapped to too many loci |	0.06%
                                  UNMAPPED READS:
  Number of reads unmapped: too many mismatches |	0
       % of reads unmapped: too many mismatches |	0.00%
            Number of reads unmapped: too short |	3253100
                 % of reads unmapped: too short |	10.95%
                Number of reads unmapped: other |	8890
                     % of reads unmapped: other |	0.03%
                                  CHIMERIC READS:
                       Number of chimeric reads |	0
                            % of chimeric reads |	0.00%
