                                 Started job on |	Aug 19 06:48:37
                             Started mapping on |	Aug 19 06:49:10
                                    Finished on |	Aug 19 06:57:07
       Mapping speed, Million of reads per hour |	257.43

                          Number of input reads |	34108820
                      Average input read length |	150
                                    UNIQUE READS:
                   Uniquely mapped reads number |	29639261
                        Uniquely mapped reads % |	86.90%
                          Average mapped length |	147.18
                       Number of splices: Total |	3744532
            Number of splices: Annotated (sjdb) |	0
                       Number of splices: GT/AG |	3665710
                       Number of splices: GC/AG |	24149
                       Number of splices: AT/AC |	2420
               Number of splices: Non-canonical |	52253
                      Mismatch rate per base, % |	1.82%
                         Deletion rate per base |	0.07%
                        Deletion average length |	2.32
                        Insertion rate per base |	0.05%
                       Insertion average length |	2.18
                             MULTI-MAPPING READS:
        Number of reads mapped to multiple loci |	1626849
             % of reads mapped to multiple loci |	4.77%
        Number of reads mapped to too many loci |	21571
             % of reads mapped to too many loci |	0.06%
                                  UNMAPPED READS:
  Number of reads unmapped: too many mismatches |	0
       % of reads unmapped: too many mismatches |	0.00%
            Number of reads unmapped: too short |	2803724
                 % of reads unmapped: too short |	8.22%
                Number of reads unmapped: other |	17415
                     % of reads unmapped: other |	0.05%
                                  CHIMERIC READS:
                       Number of chimeric reads |	0
                            % of chimeric reads |	0.00%
