                                 Started job on |	Aug 19 07:45:49
                             Started mapping on |	Aug 19 07:46:21
                                    Finished on |	Aug 19 07:53:05
       Mapping speed, Million of reads per hour |	245.65

                          Number of input reads |	27567686
                      Average input read length |	150
                                    UNIQUE READS:
                   Uniquely mapped reads number |	23639062
                        Uniquely mapped reads % |	85.75%
                          Average mapped length |	146.93
                       Number of splices: Total |	3966688
            Number of splices: Annotated (sjdb) |	0
                       Number of splices: GT/AG |	3891249
                       Number of splices: GC/AG |	23689
                       Number of splices: AT/AC |	2078
               Number of splices: Non-canonical |	49672
                      Mismatch rate per base, % |	1.85%
                         Deletion rate per base |	0.06%
                        Deletion average length |	2.30
                        Insertion rate per base |	0.04%
                       Insertion average length |	2.17
                             MULTI-MAPPING READS:
        Number of reads mapped to multiple loci |	1336076
             % of reads mapped to multiple loci |	4.85%
        Number of reads mapped to too many loci |	14942
             % of reads mapped to too many loci |	0.05%
                                  UNMAPPED READS:
  Number of reads unmapped: too many mismatches |	0
       % of reads unmapped: too many mismatches |	0.00%
            Number of reads unmapped: too short |	2567268
                 % of reads unmapped: too short |	9.31%
                Number of reads unmapped: other |	10338
                     % of reads unmapped: other |	0.04%
                                  CHIMERIC READS:
                       Number of chimeric reads |	0
                            % of chimeric reads |	0.00%
