                                 Started job on |	Aug 19 17:44:38
                             Started mapping on |	Aug 19 17:45:18
                                    Finished on |	Aug 19 17:51:50
       Mapping speed, Million of reads per hour |	237.39

                          Number of input reads |	25849451
                      Average input read length |	150
                                    UNIQUE READS:
                   Uniquely mapped reads number |	21752729
                        Uniquely mapped reads % |	84.15%
                          Average mapped length |	146.88
                       Number of splices: Total |	3353083
            Number of splices: Annotated (sjdb) |	0
                       Number of splices: GT/AG |	3288911
                       Number of splices: GC/AG |	21376
                       Number of splices: AT/AC |	1822
               Number of splices: Non-canonical |	40974
                      Mismatch rate per base, % |	1.89%
                         Deletion rate per base |	0.06%
                        Deletion average length |	2.26
                        Insertion rate per base |	0.05%
                       Insertion average length |	2.15
                             MULTI-MAPPING READS:
        Number of reads mapped to multiple loci |	1533676
             % of reads mapped to multiple loci |	5.93%
        Number of reads mapped to too many loci |	16830
             % of reads mapped to too many loci |	0.07%
                                  UNMAPPED READS:
  Number of reads unmapped: too many mismatches |	0
       % of reads unmapped: too many mismatches |	0.00%
            Number of reads unmapped: too short |	2537842
                 % of reads unmapped: too short |	9.82%
                Number of reads unmapped: other |	8374
                     % of reads unmapped: other |	0.03%
                                  CHIMERIC READS:
                       Number of chimeric reads |	0
                            % of chimeric reads |	0.00%
