                                 Started job on |	Aug 18 21:26:50
                             Started mapping on |	Aug 18 21:27:21
                                    Finished on |	Aug 18 21:34:26
       Mapping speed, Million of reads per hour |	214.02

                          Number of input reads |	25266815
                      Average input read length |	150
                                    UNIQUE READS:
                   Uniquely mapped reads number |	18733890
                        Uniquely mapped reads % |	74.14%
                          Average mapped length |	146.83
                       Number of splices: Total |	3243943
            Number of splices: Annotated (sjdb) |	0
                       Number of splices: GT/AG |	3191146
                       Number of splices: GC/AG |	18264
                       Number of splices: AT/AC |	1735
               Number of splices: Non-canonical |	32798
                      Mismatch rate per base, % |	1.70%
                         Deletion rate per base |	0.07%
                        Deletion average length |	2.25
                        Insertion rate per base |	0.05%
                       Insertion average length |	2.18
                             MULTI-MAPPING READS:
        Number of reads mapped to multiple loci |	874587
             % of reads mapped to multiple loci |	3.46%
        Number of reads mapped to too many loci |	10683
             % of reads mapped to too many loci |	0.04%
                                  UNMAPPED READS:
  Number of reads unmapped: too many mismatches |	0
       % of reads unmapped: too many mismatches |	0.00%
            Number of reads unmapped: too short |	5637454
                 % of reads unmapped: too short |	22.31%
                Number of reads unmapped: other |	10201
                     % of reads unmapped: other |	0.04%
                                  CHIMERIC READS:
                       Number of chimeric reads |	0
                            % of chimeric reads |	0.00%
