                                 Started job on |	Aug 19 07:04:12
                             Started mapping on |	Aug 19 07:04:41
                                    Finished on |	Aug 19 07:10:38
       Mapping speed, Million of reads per hour |	256.86

                          Number of input reads |	25471942
                      Average input read length |	150
                                    UNIQUE READS:
                   Uniquely mapped reads number |	22056315
                        Uniquely mapped reads % |	86.59%
                          Average mapped length |	147.10
                       Number of splices: Total |	3253096
            Number of splices: Annotated (sjdb) |	0
                       Number of splices: GT/AG |	3192756
                       Number of splices: GC/AG |	20681
                       Number of splices: AT/AC |	2004
               Number of splices: Non-canonical |	37655
                      Mismatch rate per base, % |	1.83%
                         Deletion rate per base |	0.07%
                        Deletion average length |	2.31
                        Insertion rate per base |	0.05%
                       Insertion average length |	2.18
                             MULTI-MAPPING READS:
        Number of reads mapped to multiple loci |	1159885
             % of reads mapped to multiple loci |	4.55%
        Number of reads mapped to too many loci |	12314
             % of reads mapped to too many loci |	0.05%
                                  UNMAPPED READS:
  Number of reads unmapped: too many mismatches |	0
       % of reads unmapped: too many mismatches |	0.00%
            Number of reads unmapped: too short |	2231424
                 % of reads unmapped: too short |	8.76%
                Number of reads unmapped: other |	12004
                     % of reads unmapped: other |	0.05%
                                  CHIMERIC READS:
                       Number of chimeric reads |	0
                            % of chimeric reads |	0.00%
