                                 Started job on |	Aug 18 21:00:42
                             Started mapping on |	Aug 18 21:01:14
                                    Finished on |	Aug 18 21:03:58
       Mapping speed, Million of reads per hour |	229.78

                          Number of input reads |	10467868
                      Average input read length |	150
                                    UNIQUE READS:
                   Uniquely mapped reads number |	8420681
                        Uniquely mapped reads % |	80.44%
                          Average mapped length |	146.90
                       Number of splices: Total |	1536692
            Number of splices: Annotated (sjdb) |	0
                       Number of splices: GT/AG |	1512427
                       Number of splices: GC/AG |	8726
                       Number of splices: AT/AC |	882
               Number of splices: Non-canonical |	14657
                      Mismatch rate per base, % |	1.78%
                         Deletion rate per base |	0.06%
                        Deletion average length |	2.26
                        Insertion rate per base |	0.04%
                       Insertion average length |	2.18
                             MULTI-MAPPING READS:
        Number of reads mapped to multiple loci |	457307
             % of reads mapped to multiple loci |	4.37%
        Number of reads mapped to too many loci |	6167
             % of reads mapped to too many loci |	0.06%
                                  UNMAPPED READS:
  Number of reads unmapped: too many mismatches |	0
       % of reads unmapped: too many mismatches |	0.00%
            Number of reads unmapped: too short |	1578463
                 % of reads unmapped: too short |	15.08%
                Number of reads unmapped: other |	5250
                     % of reads unmapped: other |	0.05%
                                  CHIMERIC READS:
                       Number of chimeric reads |	0
                            % of chimeric reads |	0.00%
