                                 Started job on |	Aug 19 07:35:24
                             Started mapping on |	Aug 19 07:35:52
                                    Finished on |	Aug 19 07:42:16
       Mapping speed, Million of reads per hour |	255.04

                          Number of input reads |	27204497
                      Average input read length |	150
                                    UNIQUE READS:
                   Uniquely mapped reads number |	23136570
                        Uniquely mapped reads % |	85.05%
                          Average mapped length |	147.07
                       Number of splices: Total |	3712415
            Number of splices: Annotated (sjdb) |	0
                       Number of splices: GT/AG |	3649255
                       Number of splices: GC/AG |	21659
                       Number of splices: AT/AC |	1813
               Number of splices: Non-canonical |	39688
                      Mismatch rate per base, % |	1.84%
                         Deletion rate per base |	0.06%
                        Deletion average length |	2.28
                        Insertion rate per base |	0.04%
                       Insertion average length |	2.17
                             MULTI-MAPPING READS:
        Number of reads mapped to multiple loci |	1735557
             % of reads mapped to multiple loci |	6.38%
        Number of reads mapped to too many loci |	14721
             % of reads mapped to too many loci |	0.05%
                                  UNMAPPED READS:
  Number of reads unmapped: too many mismatches |	0
       % of reads unmapped: too many mismatches |	0.00%
            Number of reads unmapped: too short |	2307870
                 % of reads unmapped: too short |	8.48%
                Number of reads unmapped: other |	9779
                     % of reads unmapped: other |	0.04%
                                  CHIMERIC READS:
                       Number of chimeric reads |	0
                            % of chimeric reads |	0.00%
