                                 Started job on |	Aug 18 19:58:12
                             Started mapping on |	Aug 18 19:58:43
                                    Finished on |	Aug 18 20:04:23
       Mapping speed, Million of reads per hour |	245.72

                          Number of input reads |	23206732
                      Average input read length |	150
                                    UNIQUE READS:
                   Uniquely mapped reads number |	19107640
                        Uniquely mapped reads % |	82.34%
                          Average mapped length |	146.97
                       Number of splices: Total |	3541829
            Number of splices: Annotated (sjdb) |	0
                       Number of splices: GT/AG |	3485551
                       Number of splices: GC/AG |	20799
                       Number of splices: AT/AC |	1712
               Number of splices: Non-canonical |	33767
                      Mismatch rate per base, % |	1.74%
                         Deletion rate per base |	0.06%
                        Deletion average length |	2.25
                        Insertion rate per base |	0.04%
                       Insertion average length |	2.19
                             MULTI-MAPPING READS:
        Number of reads mapped to multiple loci |	1203686
             % of reads mapped to multiple loci |	5.19%
        Number of reads mapped to too many loci |	14055
             % of reads mapped to too many loci |	0.06%
                                  UNMAPPED READS:
  Number of reads unmapped: too many mismatches |	0
       % of reads unmapped: too many mismatches |	0.00%
            Number of reads unmapped: too short |	2869650
                 % of reads unmapped: too short |	12.37%
                Number of reads unmapped: other |	11701
                     % of reads unmapped: other |	0.05%
                                  CHIMERIC READS:
                       Number of chimeric reads |	0
                            % of chimeric reads |	0.00%
