                                 Started job on |	Aug 19 07:35:24
                             Started mapping on |	Aug 19 07:35:53
                                    Finished on |	Aug 19 07:41:12
       Mapping speed, Million of reads per hour |	243.66

                          Number of input reads |	21591425
                      Average input read length |	150
                                    UNIQUE READS:
                   Uniquely mapped reads number |	18555879
                        Uniquely mapped reads % |	85.94%
                          Average mapped length |	146.97
                       Number of splices: Total |	2655231
            Number of splices: Annotated (sjdb) |	0
                       Number of splices: GT/AG |	2602130
                       Number of splices: GC/AG |	17187
                       Number of splices: AT/AC |	1511
               Number of splices: Non-canonical |	34403
                      Mismatch rate per base, % |	1.90%
                         Deletion rate per base |	0.07%
                        Deletion average length |	2.30
                        Insertion rate per base |	0.05%
                       Insertion average length |	2.18
                             MULTI-MAPPING READS:
        Number of reads mapped to multiple loci |	1059764
             % of reads mapped to multiple loci |	4.91%
        Number of reads mapped to too many loci |	10282
             % of reads mapped to too many loci |	0.05%
                                  UNMAPPED READS:
  Number of reads unmapped: too many mismatches |	0
       % of reads unmapped: too many mismatches |	0.00%
            Number of reads unmapped: too short |	1957057
                 % of reads unmapped: too short |	9.06%
                Number of reads unmapped: other |	8443
                     % of reads unmapped: other |	0.04%
                                  CHIMERIC READS:
                       Number of chimeric reads |	0
                            % of chimeric reads |	0.00%
