                                 Started job on |	Aug 19 07:19:46
                             Started mapping on |	Aug 19 07:20:14
                                    Finished on |	Aug 19 07:26:51
       Mapping speed, Million of reads per hour |	249.87

                          Number of input reads |	27555132
                      Average input read length |	150
                                    UNIQUE READS:
                   Uniquely mapped reads number |	23504242
                        Uniquely mapped reads % |	85.30%
                          Average mapped length |	147.09
                       Number of splices: Total |	3468274
            Number of splices: Annotated (sjdb) |	0
                       Number of splices: GT/AG |	3403850
                       Number of splices: GC/AG |	21371
                       Number of splices: AT/AC |	1773
               Number of splices: Non-canonical |	41280
                      Mismatch rate per base, % |	1.85%
                         Deletion rate per base |	0.06%
                        Deletion average length |	2.28
                        Insertion rate per base |	0.05%
                       Insertion average length |	2.17
                             MULTI-MAPPING READS:
        Number of reads mapped to multiple loci |	1720393
             % of reads mapped to multiple loci |	6.24%
        Number of reads mapped to too many loci |	18980
             % of reads mapped to too many loci |	0.07%
                                  UNMAPPED READS:
  Number of reads unmapped: too many mismatches |	0
       % of reads unmapped: too many mismatches |	0.00%
            Number of reads unmapped: too short |	2301108
                 % of reads unmapped: too short |	8.35%
                Number of reads unmapped: other |	10409
                     % of reads unmapped: other |	0.04%
                                  CHIMERIC READS:
                       Number of chimeric reads |	0
                            % of chimeric reads |	0.00%
