                                 Started job on |	Aug 19 07:19:46
                             Started mapping on |	Aug 19 07:20:18
                                    Finished on |	Aug 19 07:26:31
       Mapping speed, Million of reads per hour |	245.23

                          Number of input reads |	25408090
                      Average input read length |	150
                                    UNIQUE READS:
                   Uniquely mapped reads number |	21242230
                        Uniquely mapped reads % |	83.60%
                          Average mapped length |	147.06
                       Number of splices: Total |	3285843
            Number of splices: Annotated (sjdb) |	0
                       Number of splices: GT/AG |	3229319
                       Number of splices: GC/AG |	19338
                       Number of splices: AT/AC |	1754
               Number of splices: Non-canonical |	35432
                      Mismatch rate per base, % |	1.83%
                         Deletion rate per base |	0.06%
                        Deletion average length |	2.29
                        Insertion rate per base |	0.04%
                       Insertion average length |	2.16
                             MULTI-MAPPING READS:
        Number of reads mapped to multiple loci |	1575231
             % of reads mapped to multiple loci |	6.20%
        Number of reads mapped to too many loci |	16466
             % of reads mapped to too many loci |	0.06%
                                  UNMAPPED READS:
  Number of reads unmapped: too many mismatches |	0
       % of reads unmapped: too many mismatches |	0.00%
            Number of reads unmapped: too short |	2564700
                 % of reads unmapped: too short |	10.09%
                Number of reads unmapped: other |	9463
                     % of reads unmapped: other |	0.04%
                                  CHIMERIC READS:
                       Number of chimeric reads |	0
                            % of chimeric reads |	0.00%
