                                 Started job on |	Aug 19 07:51:01
                             Started mapping on |	Aug 19 07:51:33
                                    Finished on |	Aug 19 07:59:02
       Mapping speed, Million of reads per hour |	242.30

                          Number of input reads |	30220027
                      Average input read length |	150
                                    UNIQUE READS:
                   Uniquely mapped reads number |	26048896
                        Uniquely mapped reads % |	86.20%
                          Average mapped length |	146.99
                       Number of splices: Total |	3589839
            Number of splices: Annotated (sjdb) |	0
                       Number of splices: GT/AG |	3514923
                       Number of splices: GC/AG |	23579
                       Number of splices: AT/AC |	2224
               Number of splices: Non-canonical |	49113
                      Mismatch rate per base, % |	1.93%
                         Deletion rate per base |	0.07%
                        Deletion average length |	2.32
                        Insertion rate per base |	0.05%
                       Insertion average length |	2.18
                             MULTI-MAPPING READS:
        Number of reads mapped to multiple loci |	1231322
             % of reads mapped to multiple loci |	4.07%
        Number of reads mapped to too many loci |	14459
             % of reads mapped to too many loci |	0.05%
                                  UNMAPPED READS:
  Number of reads unmapped: too many mismatches |	0
       % of reads unmapped: too many mismatches |	0.00%
            Number of reads unmapped: too short |	2911655
                 % of reads unmapped: too short |	9.63%
                Number of reads unmapped: other |	13695
                     % of reads unmapped: other |	0.05%
                                  CHIMERIC READS:
                       Number of chimeric reads |	0
                            % of chimeric reads |	0.00%
