                                 Started job on |	Aug 19 04:53:58
                             Started mapping on |	Aug 19 04:54:29
                                    Finished on |	Aug 19 05:03:10
       Mapping speed, Million of reads per hour |	241.16

                          Number of input reads |	34901726
                      Average input read length |	150
                                    UNIQUE READS:
                   Uniquely mapped reads number |	29587351
                        Uniquely mapped reads % |	84.77%
                          Average mapped length |	146.84
                       Number of splices: Total |	4119323
            Number of splices: Annotated (sjdb) |	0
                       Number of splices: GT/AG |	4032930
                       Number of splices: GC/AG |	26632
                       Number of splices: AT/AC |	2197
               Number of splices: Non-canonical |	57564
                      Mismatch rate per base, % |	1.89%
                         Deletion rate per base |	0.07%
                        Deletion average length |	2.29
                        Insertion rate per base |	0.05%
                       Insertion average length |	2.18
                             MULTI-MAPPING READS:
        Number of reads mapped to multiple loci |	1155826
             % of reads mapped to multiple loci |	3.31%
        Number of reads mapped to too many loci |	17403
             % of reads mapped to too many loci |	0.05%
                                  UNMAPPED READS:
  Number of reads unmapped: too many mismatches |	0
       % of reads unmapped: too many mismatches |	0.00%
            Number of reads unmapped: too short |	4126377
                 % of reads unmapped: too short |	11.82%
                Number of reads unmapped: other |	14769
                     % of reads unmapped: other |	0.04%
                                  CHIMERIC READS:
                       Number of chimeric reads |	0
                            % of chimeric reads |	0.00%
