                                 Started job on |	Aug 19 05:56:40
                             Started mapping on |	Aug 19 05:57:11
                                    Finished on |	Aug 19 06:04:39
       Mapping speed, Million of reads per hour |	238.18

                          Number of input reads |	29640070
                      Average input read length |	150
                                    UNIQUE READS:
                   Uniquely mapped reads number |	24026043
                        Uniquely mapped reads % |	81.06%
                          Average mapped length |	146.94
                       Number of splices: Total |	4452847
            Number of splices: Annotated (sjdb) |	0
                       Number of splices: GT/AG |	4378772
                       Number of splices: GC/AG |	29248
                       Number of splices: AT/AC |	2161
               Number of splices: Non-canonical |	42666
                      Mismatch rate per base, % |	1.76%
                         Deletion rate per base |	0.06%
                        Deletion average length |	2.23
                        Insertion rate per base |	0.04%
                       Insertion average length |	2.14
                             MULTI-MAPPING READS:
        Number of reads mapped to multiple loci |	1224483
             % of reads mapped to multiple loci |	4.13%
        Number of reads mapped to too many loci |	13842
             % of reads mapped to too many loci |	0.05%
                                  UNMAPPED READS:
  Number of reads unmapped: too many mismatches |	0
       % of reads unmapped: too many mismatches |	0.00%
            Number of reads unmapped: too short |	4362597
                 % of reads unmapped: too short |	14.72%
                Number of reads unmapped: other |	13105
                     % of reads unmapped: other |	0.04%
                                  CHIMERIC READS:
                       Number of chimeric reads |	0
                            % of chimeric reads |	0.00%
