                                 Started job on |	Aug 19 07:30:11
                             Started mapping on |	Aug 19 07:30:42
                                    Finished on |	Aug 19 07:36:44
       Mapping speed, Million of reads per hour |	253.24

                          Number of input reads |	25464325
                      Average input read length |	150
                                    UNIQUE READS:
                   Uniquely mapped reads number |	21241253
                        Uniquely mapped reads % |	83.42%
                          Average mapped length |	147.08
                       Number of splices: Total |	3358286
            Number of splices: Annotated (sjdb) |	0
                       Number of splices: GT/AG |	3297950
                       Number of splices: GC/AG |	20199
                       Number of splices: AT/AC |	1905
               Number of splices: Non-canonical |	38232
                      Mismatch rate per base, % |	1.80%
                         Deletion rate per base |	0.06%
                        Deletion average length |	2.29
                        Insertion rate per base |	0.05%
                       Insertion average length |	2.16
                             MULTI-MAPPING READS:
        Number of reads mapped to multiple loci |	1948319
             % of reads mapped to multiple loci |	7.65%
        Number of reads mapped to too many loci |	14121
             % of reads mapped to too many loci |	0.06%
                                  UNMAPPED READS:
  Number of reads unmapped: too many mismatches |	0
       % of reads unmapped: too many mismatches |	0.00%
            Number of reads unmapped: too short |	2251191
                 % of reads unmapped: too short |	8.84%
                Number of reads unmapped: other |	9441
                     % of reads unmapped: other |	0.04%
                                  CHIMERIC READS:
                       Number of chimeric reads |	0
                            % of chimeric reads |	0.00%
