                                 Started job on |	Aug 19 03:40:41
                             Started mapping on |	Aug 19 03:41:19
                                    Finished on |	Aug 19 03:48:55
       Mapping speed, Million of reads per hour |	255.87

                          Number of input reads |	32410343
                      Average input read length |	150
                                    UNIQUE READS:
                   Uniquely mapped reads number |	27300670
                        Uniquely mapped reads % |	84.23%
                          Average mapped length |	146.94
                       Number of splices: Total |	5141914
            Number of splices: Annotated (sjdb) |	0
                       Number of splices: GT/AG |	5061679
                       Number of splices: GC/AG |	30200
                       Number of splices: AT/AC |	2563
               Number of splices: Non-canonical |	47472
                      Mismatch rate per base, % |	1.75%
                         Deletion rate per base |	0.06%
                        Deletion average length |	2.24
                        Insertion rate per base |	0.05%
                       Insertion average length |	2.18
                             MULTI-MAPPING READS:
        Number of reads mapped to multiple loci |	1292413
             % of reads mapped to multiple loci |	3.99%
        Number of reads mapped to too many loci |	15416
             % of reads mapped to too many loci |	0.05%
                                  UNMAPPED READS:
  Number of reads unmapped: too many mismatches |	0
       % of reads unmapped: too many mismatches |	0.00%
            Number of reads unmapped: too short |	3789435
                 % of reads unmapped: too short |	11.69%
                Number of reads unmapped: other |	12409
                     % of reads unmapped: other |	0.04%
                                  CHIMERIC READS:
                       Number of chimeric reads |	0
                            % of chimeric reads |	0.00%
