                                 Started job on |	Aug 19 07:04:12
                             Started mapping on |	Aug 19 07:04:43
                                    Finished on |	Aug 19 07:11:05
       Mapping speed, Million of reads per hour |	267.89

                          Number of input reads |	28425656
                      Average input read length |	150
                                    UNIQUE READS:
                   Uniquely mapped reads number |	25036465
                        Uniquely mapped reads % |	88.08%
                          Average mapped length |	147.25
                       Number of splices: Total |	3834494
            Number of splices: Annotated (sjdb) |	0
                       Number of splices: GT/AG |	3768185
                       Number of splices: GC/AG |	22841
                       Number of splices: AT/AC |	2053
               Number of splices: Non-canonical |	41415
                      Mismatch rate per base, % |	1.76%
                         Deletion rate per base |	0.07%
                        Deletion average length |	2.30
                        Insertion rate per base |	0.05%
                       Insertion average length |	2.18
                             MULTI-MAPPING READS:
        Number of reads mapped to multiple loci |	1252149
             % of reads mapped to multiple loci |	4.40%
        Number of reads mapped to too many loci |	14655
             % of reads mapped to too many loci |	0.05%
                                  UNMAPPED READS:
  Number of reads unmapped: too many mismatches |	0
       % of reads unmapped: too many mismatches |	0.00%
            Number of reads unmapped: too short |	2108535
                 % of reads unmapped: too short |	7.42%
                Number of reads unmapped: other |	13852
                     % of reads unmapped: other |	0.05%
                                  CHIMERIC READS:
                       Number of chimeric reads |	0
                            % of chimeric reads |	0.00%
