                                 Started job on |	Aug 19 07:40:40
                             Started mapping on |	Aug 19 07:41:10
                                    Finished on |	Aug 19 07:47:17
       Mapping speed, Million of reads per hour |	241.59

                          Number of input reads |	24629076
                      Average input read length |	150
                                    UNIQUE READS:
                   Uniquely mapped reads number |	21321352
                        Uniquely mapped reads % |	86.57%
                          Average mapped length |	147.00
                       Number of splices: Total |	3182420
            Number of splices: Annotated (sjdb) |	0
                       Number of splices: GT/AG |	3120872
                       Number of splices: GC/AG |	20140
                       Number of splices: AT/AC |	1635
               Number of splices: Non-canonical |	39773
                      Mismatch rate per base, % |	1.90%
                         Deletion rate per base |	0.07%
                        Deletion average length |	2.29
                        Insertion rate per base |	0.05%
                       Insertion average length |	2.16
                             MULTI-MAPPING READS:
        Number of reads mapped to multiple loci |	1119758
             % of reads mapped to multiple loci |	4.55%
        Number of reads mapped to too many loci |	18339
             % of reads mapped to too many loci |	0.07%
                                  UNMAPPED READS:
  Number of reads unmapped: too many mismatches |	0
       % of reads unmapped: too many mismatches |	0.00%
            Number of reads unmapped: too short |	2160332
                 % of reads unmapped: too short |	8.77%
                Number of reads unmapped: other |	9295
                     % of reads unmapped: other |	0.04%
                                  CHIMERIC READS:
                       Number of chimeric reads |	0
                            % of chimeric reads |	0.00%
