                                 Started job on |	Aug 19 06:12:15
                             Started mapping on |	Aug 19 06:12:44
                                    Finished on |	Aug 19 06:20:34
       Mapping speed, Million of reads per hour |	246.80

                          Number of input reads |	32221705
                      Average input read length |	150
                                    UNIQUE READS:
                   Uniquely mapped reads number |	27378178
                        Uniquely mapped reads % |	84.97%
                          Average mapped length |	147.00
                       Number of splices: Total |	4395323
            Number of splices: Annotated (sjdb) |	0
                       Number of splices: GT/AG |	4313311
                       Number of splices: GC/AG |	29474
                       Number of splices: AT/AC |	2492
               Number of splices: Non-canonical |	50046
                      Mismatch rate per base, % |	1.82%
                         Deletion rate per base |	0.07%
                        Deletion average length |	2.28
                        Insertion rate per base |	0.05%
                       Insertion average length |	2.17
                             MULTI-MAPPING READS:
        Number of reads mapped to multiple loci |	1286621
             % of reads mapped to multiple loci |	3.99%
        Number of reads mapped to too many loci |	14477
             % of reads mapped to too many loci |	0.04%
                                  UNMAPPED READS:
  Number of reads unmapped: too many mismatches |	0
       % of reads unmapped: too many mismatches |	0.00%
            Number of reads unmapped: too short |	3530247
                 % of reads unmapped: too short |	10.96%
                Number of reads unmapped: other |	12182
                     % of reads unmapped: other |	0.04%
                                  CHIMERIC READS:
                       Number of chimeric reads |	0
                            % of chimeric reads |	0.00%
