                                 Started job on |	Aug 19 06:53:47
                             Started mapping on |	Aug 19 06:54:20
                                    Finished on |	Aug 19 07:01:23
       Mapping speed, Million of reads per hour |	256.12

                          Number of input reads |	30094561
                      Average input read length |	150
                                    UNIQUE READS:
                   Uniquely mapped reads number |	26045280
                        Uniquely mapped reads % |	86.54%
                          Average mapped length |	147.16
                       Number of splices: Total |	3116266
            Number of splices: Annotated (sjdb) |	0
                       Number of splices: GT/AG |	3045501
                       Number of splices: GC/AG |	20626
                       Number of splices: AT/AC |	2124
               Number of splices: Non-canonical |	48015
                      Mismatch rate per base, % |	1.84%
                         Deletion rate per base |	0.07%
                        Deletion average length |	2.33
                        Insertion rate per base |	0.06%
                       Insertion average length |	2.19
                             MULTI-MAPPING READS:
        Number of reads mapped to multiple loci |	1324492
             % of reads mapped to multiple loci |	4.40%
        Number of reads mapped to too many loci |	15082
             % of reads mapped to too many loci |	0.05%
                                  UNMAPPED READS:
  Number of reads unmapped: too many mismatches |	0
       % of reads unmapped: too many mismatches |	0.00%
            Number of reads unmapped: too short |	2692521
                 % of reads unmapped: too short |	8.95%
                Number of reads unmapped: other |	17186
                     % of reads unmapped: other |	0.06%
                                  CHIMERIC READS:
                       Number of chimeric reads |	0
                            % of chimeric reads |	0.00%
