                                 Started job on |	Aug 19 17:28:33
                             Started mapping on |	Aug 19 17:29:07
                                    Finished on |	Aug 19 17:37:35
       Mapping speed, Million of reads per hour |	234.63

                          Number of input reads |	33108300
                      Average input read length |	150
                                    UNIQUE READS:
                   Uniquely mapped reads number |	27678245
                        Uniquely mapped reads % |	83.60%
                          Average mapped length |	146.80
                       Number of splices: Total |	4097216
            Number of splices: Annotated (sjdb) |	0
                       Number of splices: GT/AG |	4017675
                       Number of splices: GC/AG |	26401
                       Number of splices: AT/AC |	2235
               Number of splices: Non-canonical |	50905
                      Mismatch rate per base, % |	1.96%
                         Deletion rate per base |	0.07%
                        Deletion average length |	2.28
                        Insertion rate per base |	0.05%
                       Insertion average length |	2.16
                             MULTI-MAPPING READS:
        Number of reads mapped to multiple loci |	1532882
             % of reads mapped to multiple loci |	4.63%
        Number of reads mapped to too many loci |	16304
             % of reads mapped to too many loci |	0.05%
                                  UNMAPPED READS:
  Number of reads unmapped: too many mismatches |	0
       % of reads unmapped: too many mismatches |	0.00%
            Number of reads unmapped: too short |	3870552
                 % of reads unmapped: too short |	11.69%
                Number of reads unmapped: other |	10317
                     % of reads unmapped: other |	0.03%
                                  CHIMERIC READS:
                       Number of chimeric reads |	0
                            % of chimeric reads |	0.00%
