                                 Started job on |	Aug 19 18:00:43
                             Started mapping on |	Aug 19 18:01:14
                                    Finished on |	Aug 19 18:08:18
       Mapping speed, Million of reads per hour |	237.55

                          Number of input reads |	27977663
                      Average input read length |	150
                                    UNIQUE READS:
                   Uniquely mapped reads number |	23245763
                        Uniquely mapped reads % |	83.09%
                          Average mapped length |	146.88
                       Number of splices: Total |	3873188
            Number of splices: Annotated (sjdb) |	0
                       Number of splices: GT/AG |	3806708
                       Number of splices: GC/AG |	23071
                       Number of splices: AT/AC |	1879
               Number of splices: Non-canonical |	41530
                      Mismatch rate per base, % |	1.93%
                         Deletion rate per base |	0.06%
                        Deletion average length |	2.24
                        Insertion rate per base |	0.04%
                       Insertion average length |	2.16
                             MULTI-MAPPING READS:
        Number of reads mapped to multiple loci |	1988991
             % of reads mapped to multiple loci |	7.11%
        Number of reads mapped to too many loci |	21799
             % of reads mapped to too many loci |	0.08%
                                  UNMAPPED READS:
  Number of reads unmapped: too many mismatches |	0
       % of reads unmapped: too many mismatches |	0.00%
            Number of reads unmapped: too short |	2714196
                 % of reads unmapped: too short |	9.70%
                Number of reads unmapped: other |	6914
                     % of reads unmapped: other |	0.02%
                                  CHIMERIC READS:
                       Number of chimeric reads |	0
                            % of chimeric reads |	0.00%
