                                 Started job on |	Aug 18 19:16:12
                             Started mapping on |	Aug 18 19:16:44
                                    Finished on |	Aug 18 19:23:33
       Mapping speed, Million of reads per hour |	240.56

                          Number of input reads |	27329992
                      Average input read length |	150
                                    UNIQUE READS:
                   Uniquely mapped reads number |	22569456
                        Uniquely mapped reads % |	82.58%
                          Average mapped length |	146.80
                       Number of splices: Total |	3902945
            Number of splices: Annotated (sjdb) |	0
                       Number of splices: GT/AG |	3835144
                       Number of splices: GC/AG |	24522
                       Number of splices: AT/AC |	2085
               Number of splices: Non-canonical |	41194
                      Mismatch rate per base, % |	1.80%
                         Deletion rate per base |	0.06%
                        Deletion average length |	2.31
                        Insertion rate per base |	0.05%
                       Insertion average length |	2.19
                             MULTI-MAPPING READS:
        Number of reads mapped to multiple loci |	1325891
             % of reads mapped to multiple loci |	4.85%
        Number of reads mapped to too many loci |	14373
             % of reads mapped to too many loci |	0.05%
                                  UNMAPPED READS:
  Number of reads unmapped: too many mismatches |	0
       % of reads unmapped: too many mismatches |	0.00%
            Number of reads unmapped: too short |	3407452
                 % of reads unmapped: too short |	12.47%
                Number of reads unmapped: other |	12820
                     % of reads unmapped: other |	0.05%
                                  CHIMERIC READS:
                       Number of chimeric reads |	0
                            % of chimeric reads |	0.00%
