                                 Started job on |	Aug 19 06:27:50
                             Started mapping on |	Aug 19 06:28:20
                                    Finished on |	Aug 19 06:33:23
       Mapping speed, Million of reads per hour |	248.98

                          Number of input reads |	20956182
                      Average input read length |	150
                                    UNIQUE READS:
                   Uniquely mapped reads number |	18205454
                        Uniquely mapped reads % |	86.87%
                          Average mapped length |	147.07
                       Number of splices: Total |	2775421
            Number of splices: Annotated (sjdb) |	0
                       Number of splices: GT/AG |	2724430
                       Number of splices: GC/AG |	17243
                       Number of splices: AT/AC |	1659
               Number of splices: Non-canonical |	32089
                      Mismatch rate per base, % |	1.85%
                         Deletion rate per base |	0.07%
                        Deletion average length |	2.29
                        Insertion rate per base |	0.05%
                       Insertion average length |	2.19
                             MULTI-MAPPING READS:
        Number of reads mapped to multiple loci |	855688
             % of reads mapped to multiple loci |	4.08%
        Number of reads mapped to too many loci |	10429
             % of reads mapped to too many loci |	0.05%
                                  UNMAPPED READS:
  Number of reads unmapped: too many mismatches |	0
       % of reads unmapped: too many mismatches |	0.00%
            Number of reads unmapped: too short |	1875958
                 % of reads unmapped: too short |	8.95%
                Number of reads unmapped: other |	8653
                     % of reads unmapped: other |	0.04%
                                  CHIMERIC READS:
                       Number of chimeric reads |	0
                            % of chimeric reads |	0.00%
