                                 Started job on |	Aug 19 06:38:13
                             Started mapping on |	Aug 19 06:38:41
                                    Finished on |	Aug 19 06:44:50
       Mapping speed, Million of reads per hour |	258.23

                          Number of input reads |	26468803
                      Average input read length |	150
                                    UNIQUE READS:
                   Uniquely mapped reads number |	22965943
                        Uniquely mapped reads % |	86.77%
                          Average mapped length |	147.11
                       Number of splices: Total |	2643016
            Number of splices: Annotated (sjdb) |	0
                       Number of splices: GT/AG |	2581452
                       Number of splices: GC/AG |	18276
                       Number of splices: AT/AC |	1808
               Number of splices: Non-canonical |	41480
                      Mismatch rate per base, % |	1.83%
                         Deletion rate per base |	0.08%
                        Deletion average length |	2.31
                        Insertion rate per base |	0.06%
                       Insertion average length |	2.19
                             MULTI-MAPPING READS:
        Number of reads mapped to multiple loci |	1287055
             % of reads mapped to multiple loci |	4.86%
        Number of reads mapped to too many loci |	11437
             % of reads mapped to too many loci |	0.04%
                                  UNMAPPED READS:
  Number of reads unmapped: too many mismatches |	0
       % of reads unmapped: too many mismatches |	0.00%
            Number of reads unmapped: too short |	2191701
                 % of reads unmapped: too short |	8.28%
                Number of reads unmapped: other |	12667
                     % of reads unmapped: other |	0.05%
                                  CHIMERIC READS:
                       Number of chimeric reads |	0
                            % of chimeric reads |	0.00%
