                                 Started job on |	Aug 18 17:40:22
                             Started mapping on |	Aug 18 17:40:52
                                    Finished on |	Aug 18 17:52:25
       Mapping speed, Million of reads per hour |	192.21

                          Number of input reads |	37001056
                      Average input read length |	150
                                    UNIQUE READS:
                   Uniquely mapped reads number |	19205023
                        Uniquely mapped reads % |	51.90%
                          Average mapped length |	145.29
                       Number of splices: Total |	1891391
            Number of splices: Annotated (sjdb) |	0
                       Number of splices: GT/AG |	1856832
                       Number of splices: GC/AG |	9704
                       Number of splices: AT/AC |	793
               Number of splices: Non-canonical |	24062
                      Mismatch rate per base, % |	2.05%
                         Deletion rate per base |	0.04%
                        Deletion average length |	1.39
                        Insertion rate per base |	0.02%
                       Insertion average length |	1.73
                             MULTI-MAPPING READS:
        Number of reads mapped to multiple loci |	2072680
             % of reads mapped to multiple loci |	5.60%
        Number of reads mapped to too many loci |	21173
             % of reads mapped to too many loci |	0.06%
                                  UNMAPPED READS:
  Number of reads unmapped: too many mismatches |	0
       % of reads unmapped: too many mismatches |	0.00%
            Number of reads unmapped: too short |	15697637
                 % of reads unmapped: too short |	42.42%
                Number of reads unmapped: other |	4543
                     % of reads unmapped: other |	0.01%
                                  CHIMERIC READS:
                       Number of chimeric reads |	0
                            % of chimeric reads |	0.00%
