                                 Started job on |	Aug 18 18:23:02
                             Started mapping on |	Aug 18 18:23:48
                                    Finished on |	Aug 18 18:33:17
       Mapping speed, Million of reads per hour |	192.51

                          Number of input reads |	30427931
                      Average input read length |	150
                                    UNIQUE READS:
                   Uniquely mapped reads number |	15890508
                        Uniquely mapped reads % |	52.22%
                          Average mapped length |	144.42
                       Number of splices: Total |	1522111
            Number of splices: Annotated (sjdb) |	0
                       Number of splices: GT/AG |	1492750
                       Number of splices: GC/AG |	7665
                       Number of splices: AT/AC |	656
               Number of splices: Non-canonical |	21040
                      Mismatch rate per base, % |	2.60%
                         Deletion rate per base |	0.04%
                        Deletion average length |	1.46
                        Insertion rate per base |	0.04%
                       Insertion average length |	1.40
                             MULTI-MAPPING READS:
        Number of reads mapped to multiple loci |	2364600
             % of reads mapped to multiple loci |	7.77%
        Number of reads mapped to too many loci |	9076
             % of reads mapped to too many loci |	0.03%
                                  UNMAPPED READS:
  Number of reads unmapped: too many mismatches |	0
       % of reads unmapped: too many mismatches |	0.00%
            Number of reads unmapped: too short |	12158911
                 % of reads unmapped: too short |	39.96%
                Number of reads unmapped: other |	4836
                     % of reads unmapped: other |	0.02%
                                  CHIMERIC READS:
                       Number of chimeric reads |	0
                            % of chimeric reads |	0.00%
