                                 Started job on |	Aug 19 07:56:15
                             Started mapping on |	Aug 19 07:56:42
                                    Finished on |	Aug 19 08:02:55
       Mapping speed, Million of reads per hour |	242.13

                          Number of input reads |	25087091
                      Average input read length |	150
                                    UNIQUE READS:
                   Uniquely mapped reads number |	21700823
                        Uniquely mapped reads % |	86.50%
                          Average mapped length |	147.00
                       Number of splices: Total |	3045055
            Number of splices: Annotated (sjdb) |	0
                       Number of splices: GT/AG |	2983675
                       Number of splices: GC/AG |	19536
                       Number of splices: AT/AC |	1758
               Number of splices: Non-canonical |	40086
                      Mismatch rate per base, % |	1.93%
                         Deletion rate per base |	0.07%
                        Deletion average length |	2.31
                        Insertion rate per base |	0.05%
                       Insertion average length |	2.17
                             MULTI-MAPPING READS:
        Number of reads mapped to multiple loci |	941394
             % of reads mapped to multiple loci |	3.75%
        Number of reads mapped to too many loci |	12150
             % of reads mapped to too many loci |	0.05%
                                  UNMAPPED READS:
  Number of reads unmapped: too many mismatches |	0
       % of reads unmapped: too many mismatches |	0.00%
            Number of reads unmapped: too short |	2421386
                 % of reads unmapped: too short |	9.65%
                Number of reads unmapped: other |	11338
                     % of reads unmapped: other |	0.05%
                                  CHIMERIC READS:
                       Number of chimeric reads |	0
                            % of chimeric reads |	0.00%
