                                 Started job on |	Aug 19 05:46:15
                             Started mapping on |	Aug 19 05:46:47
                                    Finished on |	Aug 19 06:00:24
       Mapping speed, Million of reads per hour |	243.29

                          Number of input reads |	55213112
                      Average input read length |	150
                                    UNIQUE READS:
                   Uniquely mapped reads number |	45743882
                        Uniquely mapped reads % |	82.85%
                          Average mapped length |	146.95
                       Number of splices: Total |	7630519
            Number of splices: Annotated (sjdb) |	0
                       Number of splices: GT/AG |	7494703
                       Number of splices: GC/AG |	49367
                       Number of splices: AT/AC |	3690
               Number of splices: Non-canonical |	82759
                      Mismatch rate per base, % |	1.83%
                         Deletion rate per base |	0.07%
                        Deletion average length |	2.28
                        Insertion rate per base |	0.05%
                       Insertion average length |	2.17
                             MULTI-MAPPING READS:
        Number of reads mapped to multiple loci |	2306902
             % of reads mapped to multiple loci |	4.18%
        Number of reads mapped to too many loci |	26490
             % of reads mapped to too many loci |	0.05%
                                  UNMAPPED READS:
  Number of reads unmapped: too many mismatches |	0
       % of reads unmapped: too many mismatches |	0.00%
            Number of reads unmapped: too short |	7113211
                 % of reads unmapped: too short |	12.88%
                Number of reads unmapped: other |	22627
                     % of reads unmapped: other |	0.04%
                                  CHIMERIC READS:
                       Number of chimeric reads |	0
                            % of chimeric reads |	0.00%
