                                 Started job on |	Aug 19 05:14:59
                             Started mapping on |	Aug 19 05:15:27
                                    Finished on |	Aug 19 05:22:02
       Mapping speed, Million of reads per hour |	262.97

                          Number of input reads |	28853855
                      Average input read length |	150
                                    UNIQUE READS:
                   Uniquely mapped reads number |	25218246
                        Uniquely mapped reads % |	87.40%
                          Average mapped length |	147.13
                       Number of splices: Total |	3507422
            Number of splices: Annotated (sjdb) |	0
                       Number of splices: GT/AG |	3436603
                       Number of splices: GC/AG |	23879
                       Number of splices: AT/AC |	2254
               Number of splices: Non-canonical |	44686
                      Mismatch rate per base, % |	1.74%
                         Deletion rate per base |	0.08%
                        Deletion average length |	2.33
                        Insertion rate per base |	0.06%
                       Insertion average length |	2.19
                             MULTI-MAPPING READS:
        Number of reads mapped to multiple loci |	1016147
             % of reads mapped to multiple loci |	3.52%
        Number of reads mapped to too many loci |	18459
             % of reads mapped to too many loci |	0.06%
                                  UNMAPPED READS:
  Number of reads unmapped: too many mismatches |	0
       % of reads unmapped: too many mismatches |	0.00%
            Number of reads unmapped: too short |	2587383
                 % of reads unmapped: too short |	8.97%
                Number of reads unmapped: other |	13620
                     % of reads unmapped: other |	0.05%
                                  CHIMERIC READS:
                       Number of chimeric reads |	0
                            % of chimeric reads |	0.00%
