                                 Started job on |	Aug 19 03:23:57
                             Started mapping on |	Aug 19 03:24:35
                                    Finished on |	Aug 19 03:32:38
       Mapping speed, Million of reads per hour |	254.95

                          Number of input reads |	34205891
                      Average input read length |	150
                                    UNIQUE READS:
                   Uniquely mapped reads number |	29492276
                        Uniquely mapped reads % |	86.22%
                          Average mapped length |	147.02
                       Number of splices: Total |	4910857
            Number of splices: Annotated (sjdb) |	0
                       Number of splices: GT/AG |	4829376
                       Number of splices: GC/AG |	28209
                       Number of splices: AT/AC |	2527
               Number of splices: Non-canonical |	50745
                      Mismatch rate per base, % |	1.79%
                         Deletion rate per base |	0.07%
                        Deletion average length |	2.26
                        Insertion rate per base |	0.05%
                       Insertion average length |	2.19
                             MULTI-MAPPING READS:
        Number of reads mapped to multiple loci |	1362712
             % of reads mapped to multiple loci |	3.98%
        Number of reads mapped to too many loci |	15029
             % of reads mapped to too many loci |	0.04%
                                  UNMAPPED READS:
  Number of reads unmapped: too many mismatches |	0
       % of reads unmapped: too many mismatches |	0.00%
            Number of reads unmapped: too short |	3320804
                 % of reads unmapped: too short |	9.71%
                Number of reads unmapped: other |	15070
                     % of reads unmapped: other |	0.04%
                                  CHIMERIC READS:
                       Number of chimeric reads |	0
                            % of chimeric reads |	0.00%
