                                 Started job on |	Aug 19 04:12:01
                             Started mapping on |	Aug 19 04:12:31
                                    Finished on |	Aug 19 04:20:14
       Mapping speed, Million of reads per hour |	247.47

                          Number of input reads |	31827858
                      Average input read length |	150
                                    UNIQUE READS:
                   Uniquely mapped reads number |	26957963
                        Uniquely mapped reads % |	84.70%
                          Average mapped length |	146.94
                       Number of splices: Total |	4245092
            Number of splices: Annotated (sjdb) |	0
                       Number of splices: GT/AG |	4168788
                       Number of splices: GC/AG |	25235
                       Number of splices: AT/AC |	2194
               Number of splices: Non-canonical |	48875
                      Mismatch rate per base, % |	1.80%
                         Deletion rate per base |	0.07%
                        Deletion average length |	2.29
                        Insertion rate per base |	0.05%
                       Insertion average length |	2.19
                             MULTI-MAPPING READS:
        Number of reads mapped to multiple loci |	1115728
             % of reads mapped to multiple loci |	3.51%
        Number of reads mapped to too many loci |	14773
             % of reads mapped to too many loci |	0.05%
                                  UNMAPPED READS:
  Number of reads unmapped: too many mismatches |	0
       % of reads unmapped: too many mismatches |	0.00%
            Number of reads unmapped: too short |	3725299
                 % of reads unmapped: too short |	11.70%
                Number of reads unmapped: other |	14095
                     % of reads unmapped: other |	0.04%
                                  CHIMERIC READS:
                       Number of chimeric reads |	0
                            % of chimeric reads |	0.00%
