                                 Started job on |	Aug 19 22:23:42
                             Started mapping on |	Aug 19 22:24:13
                                    Finished on |	Aug 19 22:33:29
       Mapping speed, Million of reads per hour |	225.46

                          Number of input reads |	34821745
                      Average input read length |	150
                                    UNIQUE READS:
                   Uniquely mapped reads number |	13370350
                        Uniquely mapped reads % |	38.40%
                          Average mapped length |	146.87
                       Number of splices: Total |	3223021
            Number of splices: Annotated (sjdb) |	0
                       Number of splices: GT/AG |	3180598
                       Number of splices: GC/AG |	17644
                       Number of splices: AT/AC |	1637
               Number of splices: Non-canonical |	23142
                      Mismatch rate per base, % |	1.73%
                         Deletion rate per base |	0.05%
                        Deletion average length |	2.19
                        Insertion rate per base |	0.03%
                       Insertion average length |	2.14
                             MULTI-MAPPING READS:
        Number of reads mapped to multiple loci |	1242740
             % of reads mapped to multiple loci |	3.57%
        Number of reads mapped to too many loci |	9313
             % of reads mapped to too many loci |	0.03%
                                  UNMAPPED READS:
  Number of reads unmapped: too many mismatches |	0
       % of reads unmapped: too many mismatches |	0.00%
            Number of reads unmapped: too short |	20196935
                 % of reads unmapped: too short |	58.00%
                Number of reads unmapped: other |	2407
                     % of reads unmapped: other |	0.01%
                                  CHIMERIC READS:
                       Number of chimeric reads |	0
                            % of chimeric reads |	0.00%
