                                 Started job on |	Aug 19 05:09:44
                             Started mapping on |	Aug 19 05:10:16
                                    Finished on |	Aug 19 05:11:24
       Mapping speed, Million of reads per hour |	101.68

                          Number of input reads |	1920603
                      Average input read length |	150
                                    UNIQUE READS:
                   Uniquely mapped reads number |	298376
                        Uniquely mapped reads % |	15.54%
                          Average mapped length |	146.02
                       Number of splices: Total |	39803
            Number of splices: Annotated (sjdb) |	0
                       Number of splices: GT/AG |	38789
                       Number of splices: GC/AG |	254
                       Number of splices: AT/AC |	10
               Number of splices: Non-canonical |	750
                      Mismatch rate per base, % |	1.97%
                         Deletion rate per base |	0.07%
                        Deletion average length |	2.26
                        Insertion rate per base |	0.05%
                       Insertion average length |	2.09
                             MULTI-MAPPING READS:
        Number of reads mapped to multiple loci |	13751
             % of reads mapped to multiple loci |	0.72%
        Number of reads mapped to too many loci |	255
             % of reads mapped to too many loci |	0.01%
                                  UNMAPPED READS:
  Number of reads unmapped: too many mismatches |	0
       % of reads unmapped: too many mismatches |	0.00%
            Number of reads unmapped: too short |	1607993
                 % of reads unmapped: too short |	83.72%
                Number of reads unmapped: other |	228
                     % of reads unmapped: other |	0.01%
                                  CHIMERIC READS:
                       Number of chimeric reads |	0
                            % of chimeric reads |	0.00%
