                                 Started job on |	Aug 19 07:40:38
                             Started mapping on |	Aug 19 07:41:09
                                    Finished on |	Aug 19 07:48:06
       Mapping speed, Million of reads per hour |	245.91

                          Number of input reads |	28484492
                      Average input read length |	150
                                    UNIQUE READS:
                   Uniquely mapped reads number |	24184000
                        Uniquely mapped reads % |	84.90%
                          Average mapped length |	147.00
                       Number of splices: Total |	3302581
            Number of splices: Annotated (sjdb) |	0
                       Number of splices: GT/AG |	3233692
                       Number of splices: GC/AG |	21343
                       Number of splices: AT/AC |	1873
               Number of splices: Non-canonical |	45673
                      Mismatch rate per base, % |	1.86%
                         Deletion rate per base |	0.07%
                        Deletion average length |	2.28
                        Insertion rate per base |	0.05%
                       Insertion average length |	2.17
                             MULTI-MAPPING READS:
        Number of reads mapped to multiple loci |	1753458
             % of reads mapped to multiple loci |	6.16%
        Number of reads mapped to too many loci |	17878
             % of reads mapped to too many loci |	0.06%
                                  UNMAPPED READS:
  Number of reads unmapped: too many mismatches |	0
       % of reads unmapped: too many mismatches |	0.00%
            Number of reads unmapped: too short |	2517752
                 % of reads unmapped: too short |	8.84%
                Number of reads unmapped: other |	11404
                     % of reads unmapped: other |	0.04%
                                  CHIMERIC READS:
                       Number of chimeric reads |	0
                            % of chimeric reads |	0.00%
