                                 Started job on |	Aug 19 07:45:50
                             Started mapping on |	Aug 19 07:46:24
                                    Finished on |	Aug 19 07:51:46
       Mapping speed, Million of reads per hour |	246.48

                          Number of input reads |	22045862
                      Average input read length |	150
                                    UNIQUE READS:
                   Uniquely mapped reads number |	18870542
                        Uniquely mapped reads % |	85.60%
                          Average mapped length |	147.01
                       Number of splices: Total |	2584685
            Number of splices: Annotated (sjdb) |	0
                       Number of splices: GT/AG |	2532110
                       Number of splices: GC/AG |	16838
                       Number of splices: AT/AC |	1426
               Number of splices: Non-canonical |	34311
                      Mismatch rate per base, % |	1.90%
                         Deletion rate per base |	0.07%
                        Deletion average length |	2.28
                        Insertion rate per base |	0.05%
                       Insertion average length |	2.17
                             MULTI-MAPPING READS:
        Number of reads mapped to multiple loci |	1227897
             % of reads mapped to multiple loci |	5.57%
        Number of reads mapped to too many loci |	10979
             % of reads mapped to too many loci |	0.05%
                                  UNMAPPED READS:
  Number of reads unmapped: too many mismatches |	0
       % of reads unmapped: too many mismatches |	0.00%
            Number of reads unmapped: too short |	1928319
                 % of reads unmapped: too short |	8.75%
                Number of reads unmapped: other |	8125
                     % of reads unmapped: other |	0.04%
                                  CHIMERIC READS:
                       Number of chimeric reads |	0
                            % of chimeric reads |	0.00%
