                                 Started job on |	Aug 18 20:13:51
                             Started mapping on |	Aug 18 20:14:21
                                    Finished on |	Aug 18 20:22:35
       Mapping speed, Million of reads per hour |	134.39

                          Number of input reads |	18441415
                      Average input read length |	150
                                    UNIQUE READS:
                   Uniquely mapped reads number |	6335467
                        Uniquely mapped reads % |	34.35%
                          Average mapped length |	146.91
                       Number of splices: Total |	1492192
            Number of splices: Annotated (sjdb) |	0
                       Number of splices: GT/AG |	1472231
                       Number of splices: GC/AG |	8735
                       Number of splices: AT/AC |	773
               Number of splices: Non-canonical |	10453
                      Mismatch rate per base, % |	1.62%
                         Deletion rate per base |	0.05%
                        Deletion average length |	2.22
                        Insertion rate per base |	0.04%
                       Insertion average length |	2.17
                             MULTI-MAPPING READS:
        Number of reads mapped to multiple loci |	457843
             % of reads mapped to multiple loci |	2.48%
        Number of reads mapped to too many loci |	4709
             % of reads mapped to too many loci |	0.03%
                                  UNMAPPED READS:
  Number of reads unmapped: too many mismatches |	0
       % of reads unmapped: too many mismatches |	0.00%
            Number of reads unmapped: too short |	11640954
                 % of reads unmapped: too short |	63.12%
                Number of reads unmapped: other |	2442
                     % of reads unmapped: other |	0.01%
                                  CHIMERIC READS:
                       Number of chimeric reads |	0
                            % of chimeric reads |	0.00%
