                                 Started job on |	Aug 19 07:09:24
                             Started mapping on |	Aug 19 07:09:56
                                    Finished on |	Aug 19 07:17:15
       Mapping speed, Million of reads per hour |	261.25

                          Number of input reads |	31858046
                      Average input read length |	150
                                    UNIQUE READS:
                   Uniquely mapped reads number |	27410205
                        Uniquely mapped reads % |	86.04%
                          Average mapped length |	147.15
                       Number of splices: Total |	4094705
            Number of splices: Annotated (sjdb) |	0
                       Number of splices: GT/AG |	4020575
                       Number of splices: GC/AG |	25168
                       Number of splices: AT/AC |	2373
               Number of splices: Non-canonical |	46589
                      Mismatch rate per base, % |	1.77%
                         Deletion rate per base |	0.07%
                        Deletion average length |	2.29
                        Insertion rate per base |	0.05%
                       Insertion average length |	2.16
                             MULTI-MAPPING READS:
        Number of reads mapped to multiple loci |	2018674
             % of reads mapped to multiple loci |	6.34%
        Number of reads mapped to too many loci |	19422
             % of reads mapped to too many loci |	0.06%
                                  UNMAPPED READS:
  Number of reads unmapped: too many mismatches |	0
       % of reads unmapped: too many mismatches |	0.00%
            Number of reads unmapped: too short |	2397973
                 % of reads unmapped: too short |	7.53%
                Number of reads unmapped: other |	11772
                     % of reads unmapped: other |	0.04%
                                  CHIMERIC READS:
                       Number of chimeric reads |	0
                            % of chimeric reads |	0.00%
