                                 Started job on |	Aug 18 21:05:52
                             Started mapping on |	Aug 18 21:06:27
                                    Finished on |	Aug 18 21:16:58
       Mapping speed, Million of reads per hour |	192.84

                          Number of input reads |	33800033
                      Average input read length |	150
                                    UNIQUE READS:
                   Uniquely mapped reads number |	16876720
                        Uniquely mapped reads % |	49.93%
                          Average mapped length |	144.97
                       Number of splices: Total |	1812237
            Number of splices: Annotated (sjdb) |	0
                       Number of splices: GT/AG |	1776656
                       Number of splices: GC/AG |	7036
                       Number of splices: AT/AC |	602
               Number of splices: Non-canonical |	27943
                      Mismatch rate per base, % |	2.24%
                         Deletion rate per base |	0.03%
                        Deletion average length |	1.29
                        Insertion rate per base |	0.03%
                       Insertion average length |	1.48
                             MULTI-MAPPING READS:
        Number of reads mapped to multiple loci |	2821185
             % of reads mapped to multiple loci |	8.35%
        Number of reads mapped to too many loci |	11116
             % of reads mapped to too many loci |	0.03%
                                  UNMAPPED READS:
  Number of reads unmapped: too many mismatches |	0
       % of reads unmapped: too many mismatches |	0.00%
            Number of reads unmapped: too short |	14087330
                 % of reads unmapped: too short |	41.68%
                Number of reads unmapped: other |	3682
                     % of reads unmapped: other |	0.01%
                                  CHIMERIC READS:
                       Number of chimeric reads |	0
                            % of chimeric reads |	0.00%
