                                 Started job on |	Aug 19 22:23:42
                             Started mapping on |	Aug 19 22:24:16
                                    Finished on |	Aug 19 22:30:42
       Mapping speed, Million of reads per hour |	211.50

                          Number of input reads |	22677367
                      Average input read length |	150
                                    UNIQUE READS:
                   Uniquely mapped reads number |	17985436
                        Uniquely mapped reads % |	79.31%
                          Average mapped length |	146.49
                       Number of splices: Total |	2071338
            Number of splices: Annotated (sjdb) |	0
                       Number of splices: GT/AG |	2022412
                       Number of splices: GC/AG |	15523
                       Number of splices: AT/AC |	1390
               Number of splices: Non-canonical |	32013
                      Mismatch rate per base, % |	2.17%
                         Deletion rate per base |	0.07%
                        Deletion average length |	2.29
                        Insertion rate per base |	0.05%
                       Insertion average length |	2.20
                             MULTI-MAPPING READS:
        Number of reads mapped to multiple loci |	1013909
             % of reads mapped to multiple loci |	4.47%
        Number of reads mapped to too many loci |	8076
             % of reads mapped to too many loci |	0.04%
                                  UNMAPPED READS:
  Number of reads unmapped: too many mismatches |	0
       % of reads unmapped: too many mismatches |	0.00%
            Number of reads unmapped: too short |	3663482
                 % of reads unmapped: too short |	16.15%
                Number of reads unmapped: other |	6464
                     % of reads unmapped: other |	0.03%
                                  CHIMERIC READS:
                       Number of chimeric reads |	0
                            % of chimeric reads |	0.00%
